Component: ARM Compiler 5.06 update 5 (build 528) Tool: armlink [4d35e2]

==============================================================================

Section Cross References

    startup_stm32f10x_md.o(STACK) refers (Special) to heapauxi.o(.text) for __use_two_region_memory
    startup_stm32f10x_md.o(HEAP) refers (Special) to heapauxi.o(.text) for __use_two_region_memory
    startup_stm32f10x_md.o(RESET) refers (Special) to heapauxi.o(.text) for __use_two_region_memory
    startup_stm32f10x_md.o(RESET) refers to startup_stm32f10x_md.o(STACK) for __initial_sp
    startup_stm32f10x_md.o(RESET) refers to startup_stm32f10x_md.o(.text) for Reset_Handler
    startup_stm32f10x_md.o(RESET) refers to stm32f10x_it.o(i.NMI_Handler) for NMI_Handler
    startup_stm32f10x_md.o(RESET) refers to stm32f10x_it.o(i.HardFault_Handler) for HardFault_Handler
    startup_stm32f10x_md.o(RESET) refers to stm32f10x_it.o(i.MemManage_Handler) for MemManage_Handler
    startup_stm32f10x_md.o(RESET) refers to stm32f10x_it.o(i.BusFault_Handler) for BusFault_Handler
    startup_stm32f10x_md.o(RESET) refers to stm32f10x_it.o(i.UsageFault_Handler) for UsageFault_Handler
    startup_stm32f10x_md.o(RESET) refers to stm32f10x_it.o(i.SVC_Handler) for SVC_Handler
    startup_stm32f10x_md.o(RESET) refers to stm32f10x_it.o(i.DebugMon_Handler) for DebugMon_Handler
    startup_stm32f10x_md.o(RESET) refers to stm32f10x_it.o(i.PendSV_Handler) for PendSV_Handler
    startup_stm32f10x_md.o(RESET) refers to stm32f10x_it.o(i.SysTick_Handler) for SysTick_Handler
    startup_stm32f10x_md.o(RESET) refers to exit.o(i.EXTI3_IRQHandler) for EXTI3_IRQHandler
    startup_stm32f10x_md.o(RESET) refers to exit.o(i.EXTI4_IRQHandler) for EXTI4_IRQHandler
    startup_stm32f10x_md.o(RESET) refers to usart.o(i.USART1_IRQHandler) for USART1_IRQHandler
    startup_stm32f10x_md.o(.text) refers (Special) to heapauxi.o(.text) for __use_two_region_memory
    startup_stm32f10x_md.o(.text) refers to system_stm32f10x.o(i.SystemInit) for SystemInit
    startup_stm32f10x_md.o(.text) refers to __main.o(!!!main) for __main
    startup_stm32f10x_md.o(.text) refers to startup_stm32f10x_md.o(HEAP) for Heap_Mem
    startup_stm32f10x_md.o(.text) refers to startup_stm32f10x_md.o(STACK) for Stack_Mem
    beep.o(i.BEEP_Init) refers to stm32f10x_rcc.o(i.RCC_APB2PeriphClockCmd) for RCC_APB2PeriphClockCmd
    beep.o(i.BEEP_Init) refers to stm32f10x_gpio.o(i.GPIO_Init) for GPIO_Init
    beep.o(i.BEEP_Init) refers to stm32f10x_gpio.o(i.GPIO_ResetBits) for GPIO_ResetBits
    key.o(i.KEY_Init) refers to stm32f10x_rcc.o(i.RCC_APB2PeriphClockCmd) for RCC_APB2PeriphClockCmd
    key.o(i.KEY_Init) refers to stm32f10x_gpio.o(i.GPIO_Init) for GPIO_Init
    led.o(i.LED_Init) refers to stm32f10x_rcc.o(i.RCC_APB2PeriphClockCmd) for RCC_APB2PeriphClockCmd
    led.o(i.LED_Init) refers to stm32f10x_gpio.o(i.GPIO_Init) for GPIO_Init
    led.o(i.LED_Init) refers to stm32f10x_gpio.o(i.GPIO_SetBits) for GPIO_SetBits
    exit.o(i.EXTI3_IRQHandler) refers to delay.o(i.delay_ms) for delay_ms
    exit.o(i.EXTI3_IRQHandler) refers to stm32f10x_gpio.o(i.GPIO_ReadInputDataBit) for GPIO_ReadInputDataBit
    exit.o(i.EXTI3_IRQHandler) refers to stm32f10x_gpio.o(i.GPIO_ResetBits) for GPIO_ResetBits
    exit.o(i.EXTI3_IRQHandler) refers to stm32f10x_exti.o(i.EXTI_ClearITPendingBit) for EXTI_ClearITPendingBit
    exit.o(i.EXTI4_IRQHandler) refers to delay.o(i.delay_ms) for delay_ms
    exit.o(i.EXTI4_IRQHandler) refers to stm32f10x_gpio.o(i.GPIO_ReadInputDataBit) for GPIO_ReadInputDataBit
    exit.o(i.EXTI4_IRQHandler) refers to stm32f10x_gpio.o(i.GPIO_SetBits) for GPIO_SetBits
    exit.o(i.EXTI4_IRQHandler) refers to stm32f10x_exti.o(i.EXTI_ClearITPendingBit) for EXTI_ClearITPendingBit
    exit.o(i.EXTI_INIT) refers to stm32f10x_rcc.o(i.RCC_APB2PeriphClockCmd) for RCC_APB2PeriphClockCmd
    exit.o(i.EXTI_INIT) refers to stm32f10x_gpio.o(i.GPIO_Init) for GPIO_Init
    exit.o(i.EXTI_INIT) refers to stm32f10x_gpio.o(i.GPIO_EXTILineConfig) for GPIO_EXTILineConfig
    exit.o(i.EXTI_INIT) refers to stm32f10x_exti.o(i.EXTI_Init) for EXTI_Init
    exit.o(i.EXTI_INIT) refers to misc.o(i.NVIC_Init) for NVIC_Init
    timer.o(i.TIM5_Cap_Init) refers to stm32f10x_rcc.o(i.RCC_APB1PeriphClockCmd) for RCC_APB1PeriphClockCmd
    timer.o(i.TIM5_Cap_Init) refers to stm32f10x_rcc.o(i.RCC_APB2PeriphClockCmd) for RCC_APB2PeriphClockCmd
    timer.o(i.TIM5_Cap_Init) refers to stm32f10x_gpio.o(i.GPIO_Init) for GPIO_Init
    timer.o(i.TIM5_Cap_Init) refers to stm32f10x_gpio.o(i.GPIO_ResetBits) for GPIO_ResetBits
    timer.o(i.TIM5_Cap_Init) refers to stm32f10x_tim.o(i.TIM_TimeBaseInit) for TIM_TimeBaseInit
    timer.o(i.TIM5_Cap_Init) refers to stm32f10x_tim.o(i.TIM_ICInit) for TIM_ICInit
    timer.o(i.TIM5_Cap_Init) refers to misc.o(i.NVIC_Init) for NVIC_Init
    timer.o(i.TIM5_Cap_Init) refers to stm32f10x_tim.o(i.TIM_ITConfig) for TIM_ITConfig
[...]
    stm32f10x_usart.o(i.USART_Init) refers to stm32f10x_rcc.o(i.RCC_GetClocksFreq) for RCC_GetClocksFreq
    stm32f10x_tim.o(i.TIM_DeInit) refers to stm32f10x_rcc.o(i.RCC_APB2PeriphResetCmd) for RCC_APB2PeriphResetCmd
    stm32f10x_tim.o(i.TIM_DeInit) refers to stm32f10x_rcc.o(i.RCC_APB1PeriphResetCmd) for RCC_APB1PeriphResetCmd
    stm32f10x_tim.o(i.TIM_ETRClockMode1Config) refers to stm32f10x_tim.o(i.TIM_ETRConfig) for TIM_ETRConfig
    stm32f10x_tim.o(i.TIM_ETRClockMode2Config) refers to stm32f10x_tim.o(i.TIM_ETRConfig) for TIM_ETRConfig
    stm32f10x_tim.o(i.TIM_ICInit) refers to stm32f10x_tim.o(i.TI1_Config) for TI1_Config
    stm32f10x_tim.o(i.TIM_ICInit) refers to stm32f10x_tim.o(i.TIM_SetIC1Prescaler) for TIM_SetIC1Prescaler
    stm32f10x_tim.o(i.TIM_ICInit) refers to stm32f10x_tim.o(i.TI2_Config) for TI2_Config
    stm32f10x_tim.o(i.TIM_ICInit) refers to stm32f10x_tim.o(i.TIM_SetIC2Prescaler) for TIM_SetIC2Prescaler
    stm32f10x_tim.o(i.TIM_ICInit) refers to stm32f10x_tim.o(i.TI3_Config) for TI3_Config
    stm32f10x_tim.o(i.TIM_ICInit) refers to stm32f10x_tim.o(i.TIM_SetIC3Prescaler) for TIM_SetIC3Prescaler
    stm32f10x_tim.o(i.TIM_ICInit) refers to stm32f10x_tim.o(i.TI4_Config) for TI4_Config
    stm32f10x_tim.o(i.TIM_ICInit) refers to stm32f10x_tim.o(i.TIM_SetIC4Prescaler) for TIM_SetIC4Prescaler
    stm32f10x_tim.o(i.TIM_ITRxExternalClockConfig) refers to stm32f10x_tim.o(i.TIM_SelectInputTrigger) for TIM_SelectInputTrigger
    stm32f10x_tim.o(i.TIM_PWMIConfig) refers to stm32f10x_tim.o(i.TI1_Config) for TI1_Config
    stm32f10x_tim.o(i.TIM_PWMIConfig) refers to stm32f10x_tim.o(i.TIM_SetIC1Prescaler) for TIM_SetIC1Prescaler
    stm32f10x_tim.o(i.TIM_PWMIConfig) refers to stm32f10x_tim.o(i.TI2_Config) for TI2_Config
    stm32f10x_tim.o(i.TIM_PWMIConfig) refers to stm32f10x_tim.o(i.TIM_SetIC2Prescaler) for TIM_SetIC2Prescaler
    stm32f10x_tim.o(i.TIM_TIxExternalClockConfig) refers to stm32f10x_tim.o(i.TI2_Config) for TI2_Config
    stm32f10x_tim.o(i.TIM_TIxExternalClockConfig) refers to stm32f10x_tim.o(i.TI1_Config) for TI1_Config
    stm32f10x_tim.o(i.TIM_TIxExternalClockConfig) refers to stm32f10x_tim.o(i.TIM_SelectInputTrigger) for TIM_SelectInputTrigger
    delay.o(i.delay_init) refers to misc.o(i.SysTick_CLKSourceConfig) for SysTick_CLKSourceConfig
    delay.o(i.delay_init) refers to system_stm32f10x.o(.data) for SystemCoreClock
    delay.o(i.delay_init) refers to delay.o(.data) for fac_us
    delay.o(i.delay_ms) refers to delay.o(.data) for fac_ms
    delay.o(i.delay_us) refers to delay.o(.data) for fac_us
    usart.o(i.USART1_IRQHandler) refers (Special) to use_no_semi_2.o(.text) for __use_no_semihosting
    usart.o(i.USART1_IRQHandler) refers to stm32f10x_usart.o(i.USART_GetITStatus) for USART_GetITStatus
    usart.o(i.USART1_IRQHandler) refers to stm32f10x_usart.o(i.USART_ReceiveData) for USART_ReceiveData
    usart.o(i.USART1_IRQHandler) refers to usart.o(.data) for USART_RX_STA
    usart.o(i.USART1_IRQHandler) refers to usart.o(.bss) for USART_RX_BUF
    usart.o(i._sys_exit) refers (Special) to use_no_semi_2.o(.text) for __use_no_semihosting
    usart.o(i.fputc) refers (Special) to use_no_semi_2.o(.text) for __use_no_semihosting
    usart.o(i.uart_init) refers (Special) to use_no_semi_2.o(.text) for __use_no_semihosting
    usart.o(i.uart_init) refers to stm32f10x_rcc.o(i.RCC_APB2PeriphClockCmd) for RCC_APB2PeriphClockCmd
    usart.o(i.uart_init) refers to stm32f10x_gpio.o(i.GPIO_Init) for GPIO_Init
    usart.o(i.uart_init) refers to misc.o(i.NVIC_Init) for NVIC_Init
    usart.o(i.uart_init) refers to stm32f10x_usart.o(i.USART_Init) for USART_Init
    usart.o(i.uart_init) refers to stm32f10x_usart.o(i.USART_ITConfig) for USART_ITConfig
    usart.o(i.uart_init) refers to stm32f10x_usart.o(i.USART_Cmd) for USART_Cmd
    usart.o(.bss) refers (Special) to use_no_semi_2.o(.text) for __use_no_semihosting
    usart.o(.data) refers (Special) to use_no_semi_2.o(.text) for __use_no_semihosting
    main.o(i.Key_Scan) refers to stm32f10x_gpio.o(i.GPIO_ReadInputDataBit) for GPIO_ReadInputDataBit
    main.o(i.main) refers to delay.o(i.delay_init) for delay_init
    main.o(i.main) refers to misc.o(i.NVIC_PriorityGroupConfig) for NVIC_PriorityGroupConfig
    main.o(i.main) refers to oled.o(i.OLED_Init) for OLED_Init
    main.o(i.main) refers to key.o(i.KEY_Init) for KEY_Init
    main.o(i.main) refers to oled.o(i.OLED_ShowString) for OLED_ShowString
    main.o(i.main) refers to oled.o(i.OLED_DrawCover) for OLED_DrawCover
    main.o(i.main) refers to main.o(i.Key_Scan) for Key_Scan
    main.o(i.main) refers to delay.o(i.delay_ms) for delay_ms
    main.o(i.main) refers to oled.o(i.OLED_Clear) for OLED_Clear
    main.o(i.main) refers to oled.o(i.OLED_DrawRestart) for OLED_DrawRestart
    main.o(i.main) refers to oled.o(i.OLED_DrawDinoJump) for OLED_DrawDinoJump
    main.o(i.main) refers to oled.o(i.OLED_DrawCactusRandom) for OLED_DrawCactusRandom
    main.o(i.main) refers to oled.o(i.OLED_DrawGround) for OLED_DrawGround
    main.o(i.main) refers to oled.o(i.OLED_DrawCloud) for OLED_DrawCloud
    main.o(i.main) refers to oled.o(i.OLED_DrawDino) for OLED_DrawDino
    main.o(i.main) refers to rand.o(.emb_text) for rand
    main.o(i.main) refers to oled.o(i.OLED_ShowNum) for OLED_ShowNum
    system_stm32f10x.o(i.SetSysClock) refers to system_stm32f10x.o(i.SetSysClockTo72) for SetSysClockTo72
    system_stm32f10x.o(i.SystemCoreClockUpdate) refers to system_stm32f10x.o(.data) for SystemCoreClock
    system_stm32f10x.o(i.SystemInit) refers to system_stm32f10x.o(i.SetSysClock) for SetSysClock
    use_no_semi_2.o(.text) refers (Special) to use_no_semi.o(.text) for __use_no_semihosting_swi
    rand.o(.emb_text) refers (Special) to libinit2.o(.ARM.Collect$$libinit$$0000000D) for __rt_lib_init_rand_2
    rand.o(.emb_text) refers to rand.o(.text) for _rand_init
    rand.o(.emb_text) refers to rand.o(.bss) for _random_number_data
    rand.o(.text) refers (Special) to libinit2.o(.ARM.Collect$$libinit$$0000000D) for __rt_lib_init_rand_2
    rand.o(.text) refers to rand.o(.bss) for .bss
    rand.o(.bss) refers (Special) to libinit2.o(.ARM.Collect$$libinit$$0000000D) for __rt_lib_init_rand_2
    __main.o(!!!main) refers to __rtentry.o(.ARM.Collect$$rtentry$$00000000) for __rt_entry
    __rtentry.o(.ARM.Collect$$rtentry$$00000000) refers (Special) to __rtentry2.o(.ARM.Collect$$rtentry$$0000000A) for __rt_entry_li
    __rtentry.o(.ARM.Collect$$rtentry$$00000000) refers (Special) to __rtentry2.o(.ARM.Collect$$rtentry$$0000000D) for __rt_entry_main
    __rtentry.o(.ARM.Collect$$rtentry$$00000000) refers (Special) to __rtentry2.o(.ARM.Collect$$rtentry$$0000000C) for __rt_entry_postli_1
    __rtentry.o(.ARM.Collect$$rtentry$$00000000) refers (Special) to __rtentry2.o(.ARM.Collect$$rtentry$$00000009) for __rt_entry_postsh_1
    __rtentry.o(.ARM.Collect$$rtentry$$00000000) refers (Special) to __rtentry2.o(.ARM.Collect$$rtentry$$00000002) for __rt_entry_presh_1
    __rtentry.o(.ARM.Collect$$rtentry$$00000000) refers (Special) to __rtentry4.o(.ARM.Collect$$rtentry$$00000004) for __rt_entry_sh
    libinit2.o(.ARM.Collect$$libinit$$0000000D) refers (Weak) to rand.o(.text) for _rand_init
    libinit2.o(.ARM.Collect$$libinit$$00000010) refers to libinit2.o(.ARM.Collect$$libinit$$0000000F) for .ARM.Collect$$libinit$$0000000F
    libinit2.o(.ARM.Collect$$libinit$$00000012) refers to libinit2.o(.ARM.Collect$$libinit$$0000000F) for .ARM.Collect$$libinit$$0000000F
    libinit2.o(.ARM.Collect$$libinit$$00000014) refers to libinit2.o(.ARM.Collect$$libinit$$0000000F) for .ARM.Collect$$libinit$$0000000F
    libinit2.o(.ARM.Collect$$libinit$$00000016) refers to libinit2.o(.ARM.Collect$$libinit$$0000000F) for .ARM.Collect$$libinit$$0000000F
    libinit2.o(.ARM.Collect$$libinit$$00000018) refers to libinit2.o(.ARM.Collect$$libinit$$0000000F) for .ARM.Collect$$libinit$$0000000F
    libinit2.o(.ARM.Collect$$libinit$$00000026) refers to argv_veneer.o(.emb_text) for __ARM_argv_veneer
    libinit2.o(.ARM.Collect$$libinit$$00000027) refers to argv_veneer.o(.emb_text) for __ARM_argv_veneer
    __rtentry2.o(.ARM.Collect$$rtentry$$00000008) refers to boardinit2.o(.text) for _platform_post_stackheap_init
    __rtentry2.o(.ARM.Collect$$rtentry$$0000000A) refers to libinit.o(.ARM.Collect$$libinit$$00000000) for __rt_lib_init
    __rtentry2.o(.ARM.Collect$$rtentry$$0000000B) refers to boardinit3.o(.text) for _platform_post_lib_init
    __rtentry2.o(.ARM.Collect$$rtentry$$0000000D) refers to main.o(i.main) for main
    __rtentry2.o(.ARM.Collect$$rtentry$$0000000D) refers to exit.o(.text) for exit
    __rtentry2.o(.ARM.exidx) refers to __rtentry2.o(.ARM.Collect$$rtentry$$00000001) for .ARM.Collect$$rtentry$$00000001
    __rtentry2.o(.ARM.exidx) refers to __rtentry2.o(.ARM.Collect$$rtentry$$00000008) for .ARM.Collect$$rtentry$$00000008
    __rtentry2.o(.ARM.exidx) refers to __rtentry2.o(.ARM.Collect$$rtentry$$0000000A) for .ARM.Collect$$rtentry$$0000000A
    __rtentry2.o(.ARM.exidx) refers to __rtentry2.o(.ARM.Collect$$rtentry$$0000000B) for .ARM.Collect$$rtentry$$0000000B
    __rtentry2.o(.ARM.exidx) refers to __rtentry2.o(.ARM.Collect$$rtentry$$0000000D) for .ARM.Collect$$rtentry$$0000000D
    __rtentry4.o(.ARM.Collect$$rtentry$$00000004) refers to sys_stackheap_outer.o(.text) for __user_setup_stackheap
    __rtentry4.o(.ARM.exidx) refers to __rtentry4.o(.ARM.Collect$$rtentry$$00000004) for .ARM.Collect$$rtentry$$00000004
    argv_veneer.o(.emb_text) refers to no_argv.o(.text) for __ARM_get_argv
    sys_stackheap_outer.o(.text) refers to libspace.o(.text) for __user_perproc_libspace
    sys_stackheap_outer.o(.text) refers to startup_stm32f10x_md.o(.text) for __user_initial_stackheap
    exit.o(.text) refers to rtexit.o(.ARM.Collect$$rtexit$$00000000) for __rt_exit
    _get_argv_nomalloc.o(.text) refers (Special) to hrguard.o(.text) for __heap_region$guard
    _get_argv_nomalloc.o(.text) refers to defsig_rtmem_outer.o(.text) for __rt_SIGRTMEM
    _get_argv_nomalloc.o(.text) refers to sys_command.o(.text) for _sys_command_string
    libinit.o(.ARM.Collect$$libinit$$00000000) refers (Special) to libinit2.o(.ARM.Collect$$libinit$$0000002E) for __rt_lib_init_alloca_1
    libinit.o(.ARM.Collect$$libinit$$00000000) refers (Special) to libinit2.o(.ARM.Collect$$libinit$$0000002C) for __rt_lib_init_argv_1
    libinit.o(.ARM.Collect$$libinit$$00000000) refers (Special) to libinit2.o(.ARM.Collect$$libinit$$0000001B) for __rt_lib_init_atexit_1
    libinit.o(.ARM.Collect$$libinit$$00000000) refers (Special) to libinit2.o(.ARM.Collect$$libinit$$00000021) for __rt_lib_init_clock_1
    libinit.o(.ARM.Collect$$libinit$$00000000) refers (Special) to libinit2.o(.ARM.Collect$$libinit$$00000032) for __rt_lib_init_cpp_1
    libinit.o(.ARM.Collect$$libinit$$00000000) refers (Special) to libinit2.o(.ARM.Collect$$libinit$$00000030) for __rt_lib_init_exceptions_1
    libinit.o(.ARM.Collect$$libinit$$00000000) refers (Special) to libinit2.o(.ARM.Collect$$libinit$$00000002) for __rt_lib_init_fp_1
    libinit.o(.ARM.Collect$$libinit$$00000000) refers (Special) to libinit2.o(.ARM.Collect$$libinit$$0000001F) for __rt_lib_init_fp_trap_1
    libinit.o(.ARM.Collect$$libinit$$00000000) refers (Special) to libinit2.o(.ARM.Collect$$libinit$$00000023) for __rt_lib_init_getenv_1
    libinit.o(.ARM.Collect$$libinit$$00000000) refers (Special) to libinit2.o(.ARM.Collect$$libinit$$0000000A) for __rt_lib_init_heap_1
    libinit.o(.ARM.Collect$$libinit$$00000000) refers (Special) to libinit2.o(.ARM.Collect$$libinit$$00000011) for __rt_lib_init_lc_collate_1
    libinit.o(.ARM.Collect$$libinit$$00000000) refers (Special) to libinit2.o(.ARM.Collect$$libinit$$00000013) for __rt_lib_init_lc_ctype_1
    libinit.o(.ARM.Collect$$libinit$$00000000) refers (Special) to libinit2.o(.ARM.Collect$$libinit$$00000015) for __rt_lib_init_lc_monetary_1
    libinit.o(.ARM.Collect$$libinit$$00000000) refers (Special) to libinit2.o(.ARM.Collect$$libinit$$00000017) for __rt_lib_init_lc_numeric_1
    libinit.o(.ARM.Collect$$libinit$$00000000) refers (Special) to libinit2.o(.ARM.Collect$$libinit$$00000019) for __rt_lib_init_lc_time_1
    libinit.o(.ARM.Collect$$libinit$$00000000) refers (Special) to libinit2.o(.ARM.Collect$$libinit$$00000004) for __rt_lib_init_preinit_1
    libinit.o(.ARM.Collect$$libinit$$00000000) refers (Special) to libinit2.o(.ARM.Collect$$libinit$$0000000E) for __rt_lib_init_rand_1
    libinit.o(.ARM.Collect$$libinit$$00000000) refers (Special) to libinit2.o(.ARM.Collect$$libinit$$00000033) for __rt_lib_init_return
    libinit.o(.ARM.Collect$$libinit$$00000000) refers (Special) to libinit2.o(.ARM.Collect$$libinit$$0000001D) for __rt_lib_init_signal_1
    libinit.o(.ARM.Collect$$libinit$$00000000) refers (Special) to libinit2.o(.ARM.Collect$$libinit$$00000025) for __rt_lib_init_stdio_1
    libinit.o(.ARM.Collect$$libinit$$00000000) refers (Special) to libinit2.o(.ARM.Collect$$libinit$$0000000C) for __rt_lib_init_user_alloc_1
    sys_command.o(.text) refers (Special) to use_no_semi.o(.text) for __I$use$semihosting
    sys_command.o(.text) refers (Special) to indicate_semi.o(.text) for __semihosting_library_function
    libspace.o(.text) refers to libspace.o(.bss) for __libspace_start
    rtexit.o(.ARM.Collect$$rtexit$$00000000) refers (Special) to rtexit2.o(.ARM.Collect$$rtexit$$00000004) for __rt_exit_exit
    rtexit.o(.ARM.Collect$$rtexit$$00000000) refers (Special) to rtexit2.o(.ARM.Collect$$rtexit$$00000003) for __rt_exit_ls
    rtexit.o(.ARM.Collect$$rtexit$$00000000) refers (Special) to rtexit2.o(.ARM.Collect$$rtexit$$00000002) for __rt_exit_prels_1
    rtexit.o(.ARM.exidx) refers (Special) to rtexit2.o(.ARM.Collect$$rtexit$$00000004) for __rt_exit_exit
    rtexit.o(.ARM.exidx) refers (Special) to rtexit2.o(.ARM.Collect$$rtexit$$00000003) for __rt_exit_ls
    rtexit.o(.ARM.exidx) refers (Special) to rtexit2.o(.ARM.Collect$$rtexit$$00000002) for __rt_exit_prels_1
    rtexit.o(.ARM.exidx) refers to rtexit.o(.ARM.Collect$$rtexit$$00000000) for .ARM.Collect$$rtexit$$00000000
    defsig_rtmem_outer.o(.text) refers to defsig_rtmem_inner.o(.text) for __rt_SIGRTMEM_inner
    defsig_rtmem_outer.o(.text) refers to defsig_exit.o(.text) for __sig_exit
    defsig_rtmem_formal.o(.text) refers to rt_raise.o(.text) for __rt_raise
    rtexit2.o(.ARM.Collect$$rtexit$$00000003) refers to libshutdown.o(.ARM.Collect$$libshutdown$$00000000) for __rt_lib_shutdown
    rtexit2.o(.ARM.Collect$$rtexit$$00000004) refers to usart.o(i._sys_exit) for _sys_exit
    rtexit2.o(.ARM.exidx) refers to rtexit2.o(.ARM.Collect$$rtexit$$00000001) for .ARM.Collect$$rtexit$$00000001
    rtexit2.o(.ARM.exidx) refers to rtexit2.o(.ARM.Collect$$rtexit$$00000003) for .ARM.Collect$$rtexit$$00000003
    rtexit2.o(.ARM.exidx) refers to rtexit2.o(.ARM.Collect$$rtexit$$00000004) for .ARM.Collect$$rtexit$$00000004
    rt_raise.o(.text) refers to __raise.o(.text) for __raise
    rt_raise.o(.text) refers to usart.o(i._sys_exit) for _sys_exit
    defsig_exit.o(.text) refers to usart.o(i._sys_exit) for _sys_exit
    defsig_rtmem_inner.o(.text) refers to defsig_general.o(.text) for __default_signal_display
    __raise.o(.text) refers to defsig.o(CL$$defsig) for __default_signal_handler
    defsig_general.o(.text) refers to sys_wrch.o(.text) for _ttywrch
    libshutdown.o(.ARM.Collect$$libshutdown$$00000000) refers (Special) to libshutdown2.o(.ARM.Collect$$libshutdown$$00000002) for __rt_lib_shutdown_cpp_1
    libshutdown.o(.ARM.Collect$$libshutdown$$00000000) refers (Special) to libshutdown2.o(.ARM.Collect$$libshutdown$$00000007) for __rt_lib_shutdown_fp_trap_1
    libshutdown.o(.ARM.Collect$$libshutdown$$00000000) refers (Special) to libshutdown2.o(.ARM.Collect$$libshutdown$$0000000F) for __rt_lib_shutdown_heap_1
    libshutdown.o(.ARM.Collect$$libshutdown$$00000000) refers (Special) to libshutdown2.o(.ARM.Collect$$libshutdown$$00000010) for __rt_lib_shutdown_return
    libshutdown.o(.ARM.Collect$$libshutdown$$00000000) refers (Special) to libshutdown2.o(.ARM.Collect$$libshutdown$$0000000A) for __rt_lib_shutdown_signal_1
    libshutdown.o(.ARM.Collect$$libshutdown$$00000000) refers (Special) to libshutdown2.o(.ARM.Collect$$libshutdown$$00000004) for __rt_lib_shutdown_stdio_1
    libshutdown.o(.ARM.Collect$$libshutdown$$00000000) refers (Special) to libshutdown2.o(.ARM.Collect$$libshutdown$$0000000C) for __rt_lib_shutdown_user_alloc_1
    sys_wrch.o(.text) refers (Special) to use_no_semi.o(.text) for __I$use$semihosting
    sys_wrch.o(.text) refers (Special) to indicate_semi.o(.text) for __semihosting_library_function
    defsig.o(CL$$defsig) refers to defsig_rtmem_inner.o(.text) for __rt_SIGRTMEM_inner
    defsig_abrt_inner.o(.text) refers to defsig_general.o(.text) for __default_signal_display
    defsig_fpe_inner.o(.text) refers to defsig_general.o(.text) for __default_signal_display
    defsig_rtred_inner.o(.text) refers to defsig_general.o(.text) for __default_signal_display
    defsig_stak_inner.o(.text) refers to defsig_general.o(.text) for __default_signal_display
    defsig_pvfn_inner.o(.text) refers to defsig_general.o(.text) for __default_signal_display
    defsig_cppl_inner.o(.text) refers to defsig_general.o(.text) for __default_signal_display
    defsig_segv_inner.o(.text) refers to defsig_general.o(.text) for __default_signal_display
    defsig_other.o(.text) refers to defsig_general.o(.text) for __default_signal_display


==============================================================================

Removing Unused input sections from the image.

    Removing core_cm3.o(.emb_text), (32 bytes).
    Removing beep.o(i.BEEP_Init), (56 bytes).
    Removing led.o(i.LED_Init), (52 bytes).
    Removing exit.o(i.EXTI_INIT), (200 bytes).
    Removing timer.o(i.TIM5_Cap_Init), (168 bytes).
    Removing timer.o(i.TIM5_IRQHandler), (192 bytes).
    Removing timer.o(.bss), (10 bytes).
    Removing timer.o(.data), (4 bytes).
    Removing oled.o(i.Delay_1ms), (26 bytes).
    Removing oled.o(i.OLED_DisplayOff), (28 bytes).
    Removing oled.o(i.OLED_DisplayOn), (28 bytes).
    Removing oled.o(i.OLED_DrawBMP), (118 bytes).
    Removing oled.o(i.OLED_DrawCactus), (208 bytes).
    Removing oled.o(i.OLED_On), (62 bytes).
    Removing stm32f10x_gpio.o(i.GPIO_AFIODeInit), (20 bytes).
    Removing stm32f10x_gpio.o(i.GPIO_DeInit), (200 bytes).
    Removing stm32f10x_gpio.o(i.GPIO_ETH_MediaInterfaceConfig), (12 bytes).
    Removing stm32f10x_gpio.o(i.GPIO_EXTILineConfig), (64 bytes).
    Removing stm32f10x_gpio.o(i.GPIO_EventOutputCmd), (12 bytes).
    Removing stm32f10x_gpio.o(i.GPIO_EventOutputConfig), (32 bytes).
    Removing stm32f10x_gpio.o(i.GPIO_PinLockConfig), (18 bytes).
    Removing stm32f10x_gpio.o(i.GPIO_PinRemapConfig), (144 bytes).
    Removing stm32f10x_gpio.o(i.GPIO_ReadInputData), (8 bytes).
    Removing stm32f10x_gpio.o(i.GPIO_ReadOutputData), (8 bytes).
    Removing stm32f10x_gpio.o(i.GPIO_ReadOutputDataBit), (18 bytes).
    Removing stm32f10x_gpio.o(i.GPIO_StructInit), (16 bytes).
    Removing stm32f10x_gpio.o(i.GPIO_Write), (4 bytes).
    Removing stm32f10x_rcc.o(i.RCC_ADCCLKConfig), (24 bytes).
    Removing stm32f10x_rcc.o(i.RCC_AHBPeriphClockCmd), (32 bytes).
    Removing stm32f10x_rcc.o(i.RCC_APB1PeriphClockCmd), (32 bytes).
    Removing stm32f10x_rcc.o(i.RCC_APB1PeriphResetCmd), (32 bytes).
    Removing stm32f10x_rcc.o(i.RCC_APB2PeriphResetCmd), (32 bytes).
    Removing stm32f10x_rcc.o(i.RCC_AdjustHSICalibrationValue), (24 bytes).
    Removing stm32f10x_rcc.o(i.RCC_BackupResetCmd), (12 bytes).
    Removing stm32f10x_rcc.o(i.RCC_ClearFlag), (20 bytes).
    Removing stm32f10x_rcc.o(i.RCC_ClearITPendingBit), (12 bytes).
    Removing stm32f10x_rcc.o(i.RCC_ClockSecuritySystemCmd), (12 bytes).
    Removing stm32f10x_rcc.o(i.RCC_DeInit), (76 bytes).
    Removing stm32f10x_rcc.o(i.RCC_GetClocksFreq), (212 bytes).
    Removing stm32f10x_rcc.o(i.RCC_GetFlagStatus), (60 bytes).
    Removing stm32f10x_rcc.o(i.RCC_GetITStatus), (24 bytes).
    Removing stm32f10x_rcc.o(i.RCC_GetSYSCLKSource), (16 bytes).
    Removing stm32f10x_rcc.o(i.RCC_HCLKConfig), (24 bytes).
    Removing stm32f10x_rcc.o(i.RCC_HSEConfig), (76 bytes).
    Removing stm32f10x_rcc.o(i.RCC_HSICmd), (12 bytes).
    Removing stm32f10x_rcc.o(i.RCC_ITConfig), (32 bytes).
    Removing stm32f10x_rcc.o(i.RCC_LSEConfig), (52 bytes).
    Removing stm32f10x_rcc.o(i.RCC_LSICmd), (12 bytes).
    Removing stm32f10x_rcc.o(i.RCC_MCOConfig), (12 bytes).
    Removing stm32f10x_rcc.o(i.RCC_PCLK1Config), (24 bytes).
    Removing stm32f10x_rcc.o(i.RCC_PCLK2Config), (24 bytes).
    Removing stm32f10x_rcc.o(i.RCC_PLLCmd), (12 bytes).
    Removing stm32f10x_rcc.o(i.RCC_PLLConfig), (28 bytes).
    Removing stm32f10x_rcc.o(i.RCC_RTCCLKCmd), (12 bytes).
    Removing stm32f10x_rcc.o(i.RCC_RTCCLKConfig), (16 bytes).
    Removing stm32f10x_rcc.o(i.RCC_SYSCLKConfig), (24 bytes).
    Removing stm32f10x_rcc.o(i.RCC_USBCLKConfig), (12 bytes).
    Removing stm32f10x_rcc.o(i.RCC_WaitForHSEStartUp), (56 bytes).
    Removing stm32f10x_rcc.o(.data), (20 bytes).
    Removing misc.o(i.NVIC_Init), (112 bytes).
    Removing misc.o(i.NVIC_SetVectorTable), (20 bytes).
    Removing misc.o(i.NVIC_SystemLPConfig), (32 bytes).
    Removing stm32f10x_usart.o(i.USART_ClearFlag), (18 bytes).
    Removing stm32f10x_usart.o(i.USART_ClearITPendingBit), (30 bytes).
    Removing stm32f10x_usart.o(i.USART_ClockInit), (34 bytes).
    Removing stm32f10x_usart.o(i.USART_ClockStructInit), (12 bytes).
    Removing stm32f10x_usart.o(i.USART_Cmd), (24 bytes).
    Removing stm32f10x_usart.o(i.USART_DMACmd), (18 bytes).
    Removing stm32f10x_usart.o(i.USART_DeInit), (156 bytes).
    Removing stm32f10x_usart.o(i.USART_GetFlagStatus), (26 bytes).
    Removing stm32f10x_usart.o(i.USART_HalfDuplexCmd), (24 bytes).
    Removing stm32f10x_usart.o(i.USART_ITConfig), (74 bytes).
    Removing stm32f10x_usart.o(i.USART_Init), (216 bytes).
    Removing stm32f10x_usart.o(i.USART_IrDACmd), (24 bytes).
    Removing stm32f10x_usart.o(i.USART_IrDAConfig), (18 bytes).
    Removing stm32f10x_usart.o(i.USART_LINBreakDetectLengthConfig), (18 bytes).
    Removing stm32f10x_usart.o(i.USART_LINCmd), (24 bytes).
    Removing stm32f10x_usart.o(i.USART_OneBitMethodCmd), (24 bytes).
    Removing stm32f10x_usart.o(i.USART_OverSampling8Cmd), (22 bytes).
    Removing stm32f10x_usart.o(i.USART_ReceiverWakeUpCmd), (24 bytes).
    Removing stm32f10x_usart.o(i.USART_SendBreak), (10 bytes).
    Removing stm32f10x_usart.o(i.USART_SendData), (8 bytes).
    Removing stm32f10x_usart.o(i.USART_SetAddress), (18 bytes).
    Removing stm32f10x_usart.o(i.USART_SetGuardTime), (16 bytes).
    Removing stm32f10x_usart.o(i.USART_SetPrescaler), (16 bytes).
    Removing stm32f10x_usart.o(i.USART_SmartCardCmd), (24 bytes).
    Removing stm32f10x_usart.o(i.USART_SmartCardNACKCmd), (24 bytes).
    Removing stm32f10x_usart.o(i.USART_StructInit), (24 bytes).
    Removing stm32f10x_usart.o(i.USART_WakeUpConfig), (18 bytes).
    Removing stm32f10x_exti.o(i.EXTI_ClearFlag), (12 bytes).
    Removing stm32f10x_exti.o(i.EXTI_DeInit), (36 bytes).
    Removing stm32f10x_exti.o(i.EXTI_GenerateSWInterrupt), (16 bytes).
    Removing stm32f10x_exti.o(i.EXTI_GetFlagStatus), (24 bytes).
    Removing stm32f10x_exti.o(i.EXTI_GetITStatus), (40 bytes).
    Removing stm32f10x_exti.o(i.EXTI_Init), (148 bytes).
    Removing stm32f10x_exti.o(i.EXTI_StructInit), (16 bytes).
    Removing stm32f10x_tim.o(i.TI1_Config), (128 bytes).
    Removing stm32f10x_tim.o(i.TI2_Config), (152 bytes).
    Removing stm32f10x_tim.o(i.TI3_Config), (144 bytes).
    Removing stm32f10x_tim.o(i.TI4_Config), (152 bytes).
    Removing stm32f10x_tim.o(i.TIM_ARRPreloadConfig), (24 bytes).
    Removing stm32f10x_tim.o(i.TIM_BDTRConfig), (32 bytes).
    Removing stm32f10x_tim.o(i.TIM_BDTRStructInit), (18 bytes).
    Removing stm32f10x_tim.o(i.TIM_CCPreloadControl), (24 bytes).
    Removing stm32f10x_tim.o(i.TIM_CCxCmd), (30 bytes).
    Removing stm32f10x_tim.o(i.TIM_CCxNCmd), (30 bytes).
    Removing stm32f10x_tim.o(i.TIM_ClearFlag), (6 bytes).
    Removing stm32f10x_tim.o(i.TIM_ClearITPendingBit), (6 bytes).
    Removing stm32f10x_tim.o(i.TIM_ClearOC1Ref), (18 bytes).
    Removing stm32f10x_tim.o(i.TIM_ClearOC2Ref), (24 bytes).
    Removing stm32f10x_tim.o(i.TIM_ClearOC3Ref), (18 bytes).
    Removing stm32f10x_tim.o(i.TIM_ClearOC4Ref), (24 bytes).
    Removing stm32f10x_tim.o(i.TIM_Cmd), (24 bytes).
    Removing stm32f10x_tim.o(i.TIM_CounterModeConfig), (18 bytes).
    Removing stm32f10x_tim.o(i.TIM_CtrlPWMOutputs), (30 bytes).
    Removing stm32f10x_tim.o(i.TIM_DMACmd), (18 bytes).
    Removing stm32f10x_tim.o(i.TIM_DMAConfig), (10 bytes).
    Removing stm32f10x_tim.o(i.TIM_DeInit), (488 bytes).
    Removing stm32f10x_tim.o(i.TIM_ETRClockMode1Config), (54 bytes).
    Removing stm32f10x_tim.o(i.TIM_ETRClockMode2Config), (32 bytes).
    Removing stm32f10x_tim.o(i.TIM_ETRConfig), (28 bytes).
    Removing stm32f10x_tim.o(i.TIM_EncoderInterfaceConfig), (66 bytes).
    Removing stm32f10x_tim.o(i.TIM_ForcedOC1Config), (18 bytes).
    Removing stm32f10x_tim.o(i.TIM_ForcedOC2Config), (26 bytes).
    Removing stm32f10x_tim.o(i.TIM_ForcedOC3Config), (18 bytes).
    Removing stm32f10x_tim.o(i.TIM_ForcedOC4Config), (26 bytes).
    Removing stm32f10x_tim.o(i.TIM_GenerateEvent), (4 bytes).
    Removing stm32f10x_tim.o(i.TIM_GetCapture1), (6 bytes).
    Removing stm32f10x_tim.o(i.TIM_GetCapture2), (6 bytes).
    Removing stm32f10x_tim.o(i.TIM_GetCapture3), (6 bytes).
    Removing stm32f10x_tim.o(i.TIM_GetCapture4), (8 bytes).
    Removing stm32f10x_tim.o(i.TIM_GetCounter), (6 bytes).
    Removing stm32f10x_tim.o(i.TIM_GetFlagStatus), (18 bytes).
    Removing stm32f10x_tim.o(i.TIM_GetITStatus), (34 bytes).
    Removing stm32f10x_tim.o(i.TIM_GetPrescaler), (6 bytes).
    Removing stm32f10x_tim.o(i.TIM_ICInit), (172 bytes).
    Removing stm32f10x_tim.o(i.TIM_ICStructInit), (18 bytes).
    Removing stm32f10x_tim.o(i.TIM_ITConfig), (18 bytes).
    Removing stm32f10x_tim.o(i.TIM_ITRxExternalClockConfig), (24 bytes).
    Removing stm32f10x_tim.o(i.TIM_InternalClockConfig), (12 bytes).
    Removing stm32f10x_tim.o(i.TIM_OC1FastConfig), (18 bytes).
    Removing stm32f10x_tim.o(i.TIM_OC1Init), (152 bytes).
    Removing stm32f10x_tim.o(i.TIM_OC1NPolarityConfig), (18 bytes).
    Removing stm32f10x_tim.o(i.TIM_OC1PolarityConfig), (18 bytes).
    Removing stm32f10x_tim.o(i.TIM_OC1PreloadConfig), (18 bytes).
    Removing stm32f10x_tim.o(i.TIM_OC2FastConfig), (26 bytes).
    Removing stm32f10x_tim.o(i.TIM_OC2Init), (164 bytes).
    Removing stm32f10x_tim.o(i.TIM_OC2NPolarityConfig), (26 bytes).
    Removing stm32f10x_tim.o(i.TIM_OC2PolarityConfig), (26 bytes).
    Removing stm32f10x_tim.o(i.TIM_OC2PreloadConfig), (26 bytes).
    Removing stm32f10x_tim.o(i.TIM_OC3FastConfig), (18 bytes).
    Removing stm32f10x_tim.o(i.TIM_OC3Init), (160 bytes).
    Removing stm32f10x_tim.o(i.TIM_OC3NPolarityConfig), (26 bytes).
    Removing stm32f10x_tim.o(i.TIM_OC3PolarityConfig), (26 bytes).
    Removing stm32f10x_tim.o(i.TIM_OC3PreloadConfig), (18 bytes).
    Removing stm32f10x_tim.o(i.TIM_OC4FastConfig), (26 bytes).
    Removing stm32f10x_tim.o(i.TIM_OC4Init), (124 bytes).
    Removing stm32f10x_tim.o(i.TIM_OC4PolarityConfig), (26 bytes).
    Removing stm32f10x_tim.o(i.TIM_OC4PreloadConfig), (26 bytes).
    Removing stm32f10x_tim.o(i.TIM_OCStructInit), (20 bytes).
    Removing stm32f10x_tim.o(i.TIM_PWMIConfig), (124 bytes).
    Removing stm32f10x_tim.o(i.TIM_PrescalerConfig), (6 bytes).
    Removing stm32f10x_tim.o(i.TIM_SelectCCDMA), (24 bytes).
    Removing stm32f10x_tim.o(i.TIM_SelectCOM), (24 bytes).
    Removing stm32f10x_tim.o(i.TIM_SelectHallSensor), (24 bytes).
    Removing stm32f10x_tim.o(i.TIM_SelectInputTrigger), (18 bytes).
    Removing stm32f10x_tim.o(i.TIM_SelectMasterSlaveMode), (18 bytes).
    Removing stm32f10x_tim.o(i.TIM_SelectOCxM), (82 bytes).
    Removing stm32f10x_tim.o(i.TIM_SelectOnePulseMode), (18 bytes).
    Removing stm32f10x_tim.o(i.TIM_SelectOutputTrigger), (18 bytes).
    Removing stm32f10x_tim.o(i.TIM_SelectSlaveMode), (18 bytes).
    Removing stm32f10x_tim.o(i.TIM_SetAutoreload), (4 bytes).
    Removing stm32f10x_tim.o(i.TIM_SetClockDivision), (18 bytes).
    Removing stm32f10x_tim.o(i.TIM_SetCompare1), (4 bytes).
    Removing stm32f10x_tim.o(i.TIM_SetCompare2), (4 bytes).
    Removing stm32f10x_tim.o(i.TIM_SetCompare3), (4 bytes).
    Removing stm32f10x_tim.o(i.TIM_SetCompare4), (6 bytes).
    Removing stm32f10x_tim.o(i.TIM_SetCounter), (4 bytes).
    Removing stm32f10x_tim.o(i.TIM_SetIC1Prescaler), (18 bytes).
    Removing stm32f10x_tim.o(i.TIM_SetIC2Prescaler), (26 bytes).
    Removing stm32f10x_tim.o(i.TIM_SetIC3Prescaler), (18 bytes).
    Removing stm32f10x_tim.o(i.TIM_SetIC4Prescaler), (26 bytes).
    Removing stm32f10x_tim.o(i.TIM_TIxExternalClockConfig), (62 bytes).
    Removing stm32f10x_tim.o(i.TIM_TimeBaseInit), (164 bytes).
    Removing stm32f10x_tim.o(i.TIM_TimeBaseStructInit), (18 bytes).
    Removing stm32f10x_tim.o(i.TIM_UpdateDisableConfig), (24 bytes).
    Removing stm32f10x_tim.o(i.TIM_UpdateRequestConfig), (24 bytes).
    Removing delay.o(i.delay_us), (76 bytes).
    Removing usart.o(i.fputc), (28 bytes).
    Removing usart.o(i.uart_init), (160 bytes).
    Removing sys.o(.emb_text), (6 bytes).
    Removing sys.o(i.INTX_DISABLE), (4 bytes).
    Removing sys.o(i.INTX_ENABLE), (4 bytes).
    Removing sys.o(i.WFI_SET), (4 bytes).
    Removing system_stm32f10x.o(i.SystemCoreClockUpdate), (164 bytes).

195 unused section(s) (total 8438 bytes) removed from the image.

==============================================================================

Image Symbol Table

    Local Symbols

    Symbol Name                              Value     Ov Type        Size  Object(Section)

    ../clib/angel/boardlib.s                 0x00000000   Number         0  boardinit3.o ABSOLUTE
    ../clib/angel/boardlib.s                 0x00000000   Number         0  boardshut.o ABSOLUTE
    ../clib/angel/boardlib.s                 0x00000000   Number         0  boardinit2.o ABSOLUTE
    ../clib/angel/boardlib.s                 0x00000000   Number         0  boardinit1.o ABSOLUTE
    ../clib/angel/handlers.s                 0x00000000   Number         0  __scatter_zi.o ABSOLUTE
    ../clib/angel/handlers.s                 0x00000000   Number         0  __scatter_copy.o ABSOLUTE
    ../clib/angel/kernel.s                   0x00000000   Number         0  __rtentry4.o ABSOLUTE
    ../clib/angel/kernel.s                   0x00000000   Number         0  __rtentry2.o ABSOLUTE
    ../clib/angel/kernel.s                   0x00000000   Number         0  __rtentry.o ABSOLUTE
    ../clib/angel/kernel.s                   0x00000000   Number         0  rtexit.o ABSOLUTE
    ../clib/angel/kernel.s                   0x00000000   Number         0  rtexit2.o ABSOLUTE
    ../clib/angel/rt.s                       0x00000000   Number         0  rt_raise.o ABSOLUTE
    ../clib/angel/scatter.s                  0x00000000   Number         0  __scatter.o ABSOLUTE
    ../clib/angel/startup.s                  0x00000000   Number         0  __main.o ABSOLUTE
    ../clib/angel/sys.s                      0x00000000   Number         0  use_no_semi_2.o ABSOLUTE
    ../clib/angel/sys.s                      0x00000000   Number         0  libspace.o ABSOLUTE
    ../clib/angel/sys.s                      0x00000000   Number         0  sys_stackheap_outer.o ABSOLUTE
    ../clib/angel/sys.s                      0x00000000   Number         0  indicate_semi.o ABSOLUTE
    ../clib/angel/sys.s                      0x00000000   Number         0  use_no_semi.o ABSOLUTE
    ../clib/angel/sysapp.c                   0x00000000   Number         0  sys_wrch.o ABSOLUTE
    ../clib/angel/sysapp.c                   0x00000000   Number         0  sys_command.o ABSOLUTE
    ../clib/armsys.c                         0x00000000   Number         0  argv_veneer.o ABSOLUTE
    ../clib/armsys.c                         0x00000000   Number         0  _get_argv_nomalloc.o ABSOLUTE
    ../clib/armsys.c                         0x00000000   Number         0  no_argv.o ABSOLUTE
    ../clib/armsys.c                         0x00000000   Number         0  argv_veneer.o ABSOLUTE
    ../clib/heapalloc.c                      0x00000000   Number         0  hrguard.o ABSOLUTE
    ../clib/heapaux.c                        0x00000000   Number         0  heapauxi.o ABSOLUTE
    ../clib/libinit.s                        0x00000000   Number         0  libinit.o ABSOLUTE
    ../clib/libinit.s                        0x00000000   Number         0  libinit2.o ABSOLUTE
    ../clib/libinit.s                        0x00000000   Number         0  libshutdown.o ABSOLUTE
    ../clib/libinit.s                        0x00000000   Number         0  libshutdown2.o ABSOLUTE
    ../clib/signal.c                         0x00000000   Number         0  defsig_rtmem_outer.o ABSOLUTE
    ../clib/signal.c                         0x00000000   Number         0  defsig_rtmem_formal.o ABSOLUTE
    ../clib/signal.c                         0x00000000   Number         0  defsig_other.o ABSOLUTE
    ../clib/signal.c                         0x00000000   Number         0  defsig_segv_inner.o ABSOLUTE
    ../clib/signal.c                         0x00000000   Number         0  defsig_cppl_inner.o ABSOLUTE
    ../clib/signal.c                         0x00000000   Number         0  defsig_pvfn_inner.o ABSOLUTE
    ../clib/signal.c                         0x00000000   Number         0  defsig_stak_inner.o ABSOLUTE
    ../clib/signal.c                         0x00000000   Number         0  defsig_general.o ABSOLUTE
    ../clib/signal.c                         0x00000000   Number         0  defsig_fpe_inner.o ABSOLUTE
    ../clib/signal.c                         0x00000000   Number         0  defsig_abrt_inner.o ABSOLUTE
    ../clib/signal.c                         0x00000000   Number         0  defsig_rtmem_inner.o ABSOLUTE
    ../clib/signal.c                         0x00000000   Number         0  __raise.o ABSOLUTE
    ../clib/signal.c                         0x00000000   Number         0  defsig_exit.o ABSOLUTE
    ../clib/signal.c                         0x00000000   Number         0  defsig_rtred_inner.o ABSOLUTE
    ../clib/signal.s                         0x00000000   Number         0  defsig.o ABSOLUTE
    ../clib/stdlib.c                         0x00000000   Number         0  rand.o ABSOLUTE
    ../clib/stdlib.c                         0x00000000   Number         0  rand.o ABSOLUTE
    ../clib/stdlib.c                         0x00000000   Number         0  exit.o ABSOLUTE
    ../fplib/fpinit.s                        0x00000000   Number         0  fpinit.o ABSOLUTE
    ..\BSP\BEEP\beep.c                       0x00000000   Number         0  beep.o ABSOLUTE
    ..\BSP\EXIT\exit.c                       0x00000000   Number         0  exit.o ABSOLUTE
    ..\BSP\KEY\key.c                         0x00000000   Number         0  key.o ABSOLUTE
    ..\BSP\LED\led.c                         0x00000000   Number         0  led.o ABSOLUTE
    ..\BSP\TIMER\timer.c                     0x00000000   Number         0  timer.o ABSOLUTE
    ..\BSP\oled\oled.c                       0x00000000   Number         0  oled.o ABSOLUTE
    ..\CORE\core_cm3.c                       0x00000000   Number         0  core_cm3.o ABSOLUTE
    ..\CORE\startup_stm32f10x_md.s           0x00000000   Number         0  startup_stm32f10x_md.o ABSOLUTE
    ..\STM32F10x_FWLib\src\misc.c            0x00000000   Number         0  misc.o ABSOLUTE
    ..\STM32F10x_FWLib\src\stm32f10x_exti.c  0x00000000   Number         0  stm32f10x_exti.o ABSOLUTE
    ..\STM32F10x_FWLib\src\stm32f10x_gpio.c  0x00000000   Number         0  stm32f10x_gpio.o ABSOLUTE
    ..\STM32F10x_FWLib\src\stm32f10x_rcc.c   0x00000000   Number         0  stm32f10x_rcc.o ABSOLUTE
    ..\STM32F10x_FWLib\src\stm32f10x_tim.c   0x00000000   Number         0  stm32f10x_tim.o ABSOLUTE
    ..\STM32F10x_FWLib\src\stm32f10x_usart.c 0x00000000   Number         0  stm32f10x_usart.o ABSOLUTE
    ..\SYSTEM\SysTick\SysTick.c              0x00000000   Number         0  systick.o ABSOLUTE
    ..\SYSTEM\delay\delay.c                  0x00000000   Number         0  delay.o ABSOLUTE
    ..\SYSTEM\sys\sys.c                      0x00000000   Number         0  sys.o ABSOLUTE
    ..\SYSTEM\usart\usart.c                  0x00000000   Number         0  usart.o ABSOLUTE
    ..\\CORE\\core_cm3.c                     0x00000000   Number         0  core_cm3.o ABSOLUTE
    ..\\SYSTEM\\sys\\sys.c                   0x00000000   Number         0  sys.o ABSOLUTE
    dc.s                                     0x00000000   Number         0  dc.o ABSOLUTE
    main.c                                   0x00000000   Number         0  main.o ABSOLUTE
    stm32f10x_it.c                           0x00000000   Number         0  stm32f10x_it.o ABSOLUTE
    system_stm32f10x.c                       0x00000000   Number         0  system_stm32f10x.o ABSOLUTE
    RESET                                    0x08000000   Section      236  startup_stm32f10x_md.o(RESET)
    !!!main                                  0x080000ec   Section        8  __main.o(!!!main)
    !!!scatter                               0x080000f4   Section       52  __scatter.o(!!!scatter)
    !!handler_copy                           0x08000128   Section       26  __scatter_copy.o(!!handler_copy)
    !!handler_zi                             0x08000144   Section       28  __scatter_zi.o(!!handler_zi)
    .ARM.Collect$$libinit$$00000000          0x08000160   Section        2  libinit.o(.ARM.Collect$$libinit$$00000000)
    .ARM.Collect$$libinit$$00000002          0x08000162   Section        0  libinit2.o(.ARM.Collect$$libinit$$00000002)
    .ARM.Collect$$libinit$$00000004          0x08000162   Section        0  libinit2.o(.ARM.Collect$$libinit$$00000004)
    .ARM.Collect$$libinit$$0000000A          0x08000162   Section        0  libinit2.o(.ARM.Collect$$libinit$$0000000A)
    .ARM.Collect$$libinit$$0000000C          0x08000162   Section        0  libinit2.o(.ARM.Collect$$libinit$$0000000C)
    .ARM.Collect$$libinit$$0000000D          0x08000162   Section        4  libinit2.o(.ARM.Collect$$libinit$$0000000D)
    .ARM.Collect$$libinit$$0000000E          0x08000166   Section        0  libinit2.o(.ARM.Collect$$libinit$$0000000E)
    .ARM.Collect$$libinit$$00000011          0x08000166   Section        0  libinit2.o(.ARM.Collect$$libinit$$00000011)
    .ARM.Collect$$libinit$$00000013          0x08000166   Section        0  libinit2.o(.ARM.Collect$$libinit$$00000013)
    .ARM.Collect$$libinit$$00000015          0x08000166   Section        0  libinit2.o(.ARM.Collect$$libinit$$00000015)
    .ARM.Collect$$libinit$$00000017          0x08000166   Section        0  libinit2.o(.ARM.Collect$$libinit$$00000017)
    .ARM.Collect$$libinit$$00000019          0x08000166   Section        0  libinit2.o(.ARM.Collect$$libinit$$00000019)
    .ARM.Collect$$libinit$$0000001B          0x08000166   Section        0  libinit2.o(.ARM.Collect$$libinit$$0000001B)
    .ARM.Collect$$libinit$$0000001D          0x08000166   Section        0  libinit2.o(.ARM.Collect$$libinit$$0000001D)
    .ARM.Collect$$libinit$$0000001F          0x08000166   Section        0  libinit2.o(.ARM.Collect$$libinit$$0000001F)
    .ARM.Collect$$libinit$$00000021          0x08000166   Section        0  libinit2.o(.ARM.Collect$$libinit$$00000021)
    .ARM.Collect$$libinit$$00000023          0x08000166   Section        0  libinit2.o(.ARM.Collect$$libinit$$00000023)
    .ARM.Collect$$libinit$$00000025          0x08000166   Section        0  libinit2.o(.ARM.Collect$$libinit$$00000025)
    .ARM.Collect$$libinit$$0000002C          0x08000166   Section        0  libinit2.o(.ARM.Collect$$libinit$$0000002C)
    .ARM.Collect$$libinit$$0000002E          0x08000166   Section        0  libinit2.o(.ARM.Collect$$libinit$$0000002E)
    .ARM.Collect$$libinit$$00000030          0x08000166   Section        0  libinit2.o(.ARM.Collect$$libinit$$00000030)
    .ARM.Collect$$libinit$$00000032          0x08000166   Section        0  libinit2.o(.ARM.Collect$$libinit$$00000032)
    .ARM.Collect$$libinit$$00000033          0x08000166   Section        2  libinit2.o(.ARM.Collect$$libinit$$00000033)
    .ARM.Collect$$libshutdown$$00000000      0x08000168   Section        2  libshutdown.o(.ARM.Collect$$libshutdown$$00000000)
    .ARM.Collect$$libshutdown$$00000002      0x0800016a   Section        0  libshutdown2.o(.ARM.Collect$$libshutdown$$00000002)
    .ARM.Collect$$libshutdown$$00000004      0x0800016a   Section        0  libshutdown2.o(.ARM.Collect$$libshutdown$$00000004)
    .ARM.Collect$$libshutdown$$00000007      0x0800016a   Section        0  libshutdown2.o(.ARM.Collect$$libshutdown$$00000007)
    .ARM.Collect$$libshutdown$$0000000A      0x0800016a   Section        0  libshutdown2.o(.ARM.Collect$$libshutdown$$0000000A)
    .ARM.Collect$$libshutdown$$0000000C      0x0800016a   Section        0  libshutdown2.o(.ARM.Collect$$libshutdown$$0000000C)
    .ARM.Collect$$libshutdown$$0000000F      0x0800016a   Section        0  libshutdown2.o(.ARM.Collect$$libshutdown$$0000000F)
    .ARM.Collect$$libshutdown$$00000010      0x0800016a   Section        2  libshutdown2.o(.ARM.Collect$$libshutdown$$00000010)
    .ARM.Collect$$rtentry$$00000000          0x0800016c   Section        0  __rtentry.o(.ARM.Collect$$rtentry$$00000000)
    .ARM.Collect$$rtentry$$00000002          0x0800016c   Section        0  __rtentry2.o(.ARM.Collect$$rtentry$$00000002)
    .ARM.Collect$$rtentry$$00000004          0x0800016c   Section        6  __rtentry4.o(.ARM.Collect$$rtentry$$00000004)
    .ARM.Collect$$rtentry$$00000009          0x08000172   Section        0  __rtentry2.o(.ARM.Collect$$rtentry$$00000009)
    .ARM.Collect$$rtentry$$0000000A          0x08000172   Section        4  __rtentry2.o(.ARM.Collect$$rtentry$$0000000A)
    .ARM.Collect$$rtentry$$0000000C          0x08000176   Section        0  __rtentry2.o(.ARM.Collect$$rtentry$$0000000C)
    .ARM.Collect$$rtentry$$0000000D          0x08000176   Section        8  __rtentry2.o(.ARM.Collect$$rtentry$$0000000D)
    .ARM.Collect$$rtexit$$00000000           0x0800017e   Section        2  rtexit.o(.ARM.Collect$$rtexit$$00000000)
    .ARM.Collect$$rtexit$$00000002           0x08000180   Section        0  rtexit2.o(.ARM.Collect$$rtexit$$00000002)
    .ARM.Collect$$rtexit$$00000003           0x08000180   Section        4  rtexit2.o(.ARM.Collect$$rtexit$$00000003)
    .ARM.Collect$$rtexit$$00000004           0x08000184   Section        6  rtexit2.o(.ARM.Collect$$rtexit$$00000004)
    .emb_text                                0x0800018c   Section       52  rand.o(.emb_text)
    .text                                    0x080001c0   Section       64  startup_stm32f10x_md.o(.text)
    .text                                    0x08000200   Section        2  use_no_semi_2.o(.text)
    .text                                    0x08000204   Section        0  rand.o(.text)
    .text                                    0x08000240   Section        0  heapauxi.o(.text)
    .text                                    0x08000246   Section        2  use_no_semi.o(.text)
    .text                                    0x08000248   Section       74  sys_stackheap_outer.o(.text)
    .text                                    0x08000292   Section        0  exit.o(.text)
    .text                                    0x080002a4   Section        8  libspace.o(.text)
    i.BusFault_Handler                       0x080002ac   Section        0  stm32f10x_it.o(i.BusFault_Handler)
    i.DebugMon_Handler                       0x080002b0   Section        0  stm32f10x_it.o(i.DebugMon_Handler)
    i.Delay_50ms                             0x080002b2   Section        0  oled.o(i.Delay_50ms)
    i.EXTI3_IRQHandler                       0x080002c8   Section        0  exit.o(i.EXTI3_IRQHandler)
    i.EXTI4_IRQHandler                       0x08000304   Section        0  exit.o(i.EXTI4_IRQHandler)
    i.EXTI_ClearITPendingBit                 0x08000340   Section        0  stm32f10x_exti.o(i.EXTI_ClearITPendingBit)
    i.GPIO_Init                              0x0800034c   Section        0  stm32f10x_gpio.o(i.GPIO_Init)
    i.GPIO_ReadInputDataBit                  0x08000462   Section        0  stm32f10x_gpio.o(i.GPIO_ReadInputDataBit)
    i.GPIO_ResetBits                         0x08000474   Section        0  stm32f10x_gpio.o(i.GPIO_ResetBits)
    i.GPIO_SetBits                           0x08000478   Section        0  stm32f10x_gpio.o(i.GPIO_SetBits)
    i.GPIO_WriteBit                          0x0800047c   Section        0  stm32f10x_gpio.o(i.GPIO_WriteBit)
    i.HardFault_Handler                      0x08000486   Section        0  stm32f10x_it.o(i.HardFault_Handler)
    i.IIC_Start                              0x0800048c   Section        0  oled.o(i.IIC_Start)
    i.IIC_Stop                               0x080004bc   Section        0  oled.o(i.IIC_Stop)
    i.IIC_WaitAck                            0x080004e4   Section        0  oled.o(i.IIC_WaitAck)
    i.IIC_WriteByte                          0x08000500   Section        0  oled.o(i.IIC_WriteByte)
    i.IIC_WriteCommand                       0x08000560   Section        0  oled.o(i.IIC_WriteCommand)
    i.IIC_WriteData                          0x0800058c   Section        0  oled.o(i.IIC_WriteData)
    i.KEY_Init                               0x080005b8   Section        0  key.o(i.KEY_Init)
    i.Key_Scan                               0x080005e0   Section        0  main.o(i.Key_Scan)
    i.MemManage_Handler                      0x0800060c   Section        0  stm32f10x_it.o(i.MemManage_Handler)
    i.NMI_Handler                            0x08000610   Section        0  stm32f10x_it.o(i.NMI_Handler)
    i.NVIC_PriorityGroupConfig               0x08000614   Section        0  misc.o(i.NVIC_PriorityGroupConfig)
    i.OLED_Clear                             0x08000628   Section        0  oled.o(i.OLED_Clear)
    i.OLED_DrawBMPFast                       0x08000666   Section        0  oled.o(i.OLED_DrawBMPFast)
    i.OLED_DrawCactusRandom                  0x080006bc   Section        0  oled.o(i.OLED_DrawCactusRandom)
    i.OLED_DrawCloud                         0x080007e8   Section        0  oled.o(i.OLED_DrawCloud)
    i.OLED_DrawCover                         0x080008b0   Section        0  oled.o(i.OLED_DrawCover)
    i.OLED_DrawDino                          0x080008c0   Section        0  oled.o(i.OLED_DrawDino)
    i.OLED_DrawDinoJump                      0x08000944   Section        0  oled.o(i.OLED_DrawDinoJump)
    i.OLED_DrawGround                        0x08000ae0   Section        0  oled.o(i.OLED_DrawGround)
    i.OLED_DrawRestart                       0x08000b4c   Section        0  oled.o(i.OLED_DrawRestart)
    i.OLED_FillPicture                       0x08000bd0   Section        0  oled.o(i.OLED_FillPicture)
    i.OLED_Init                              0x08000c10   Section        0  oled.o(i.OLED_Init)
    i.OLED_SetPos                            0x08000d30   Section        0  oled.o(i.OLED_SetPos)
    i.OLED_ShowChar                          0x08000d58   Section        0  oled.o(i.OLED_ShowChar)
    i.OLED_ShowNum                           0x08000dfc   Section        0  oled.o(i.OLED_ShowNum)
    i.OLED_ShowString                        0x08000e84   Section        0  oled.o(i.OLED_ShowString)
    i.OLED_WR_Byte                           0x08000ebe   Section        0  oled.o(i.OLED_WR_Byte)
    i.PendSV_Handler                         0x08000ed6   Section        0  stm32f10x_it.o(i.PendSV_Handler)
    i.RCC_APB2PeriphClockCmd                 0x08000ed8   Section        0  stm32f10x_rcc.o(i.RCC_APB2PeriphClockCmd)
    i.SVC_Handler                            0x08000ef8   Section        0  stm32f10x_it.o(i.SVC_Handler)
    i.SetSysClock                            0x08000efa   Section        0  system_stm32f10x.o(i.SetSysClock)
    SetSysClock                              0x08000efb   Thumb Code     8  system_stm32f10x.o(i.SetSysClock)
    i.SetSysClockTo72                        0x08000f04   Section        0  system_stm32f10x.o(i.SetSysClockTo72)
    SetSysClockTo72                          0x08000f05   Thumb Code   214  system_stm32f10x.o(i.SetSysClockTo72)
    i.SysTick_CLKSourceConfig                0x08000fe4   Section        0  misc.o(i.SysTick_CLKSourceConfig)
    i.SysTick_Handler                        0x0800100c   Section        0  stm32f10x_it.o(i.SysTick_Handler)
    i.SystemInit                             0x08001010   Section        0  system_stm32f10x.o(i.SystemInit)
    i.USART1_IRQHandler                      0x08001070   Section        0  usart.o(i.USART1_IRQHandler)
    i.USART_GetITStatus                      0x080010f8   Section        0  stm32f10x_usart.o(i.USART_GetITStatus)
    i.USART_ReceiveData                      0x0800114c   Section        0  stm32f10x_usart.o(i.USART_ReceiveData)
    i.UsageFault_Handler                     0x08001156   Section        0  stm32f10x_it.o(i.UsageFault_Handler)
    i._sys_exit                              0x0800115a   Section        0  usart.o(i._sys_exit)
    i.delay_init                             0x08001160   Section        0  delay.o(i.delay_init)
    i.delay_ms                               0x080011a4   Section        0  delay.o(i.delay_ms)
    i.main                                   0x080011f0   Section        0  main.o(i.main)
    i.oled_drawbmp_block_clear               0x08001374   Section        0  oled.o(i.oled_drawbmp_block_clear)
    i.oled_pow                               0x080013c4   Section        0  oled.o(i.oled_pow)
    .constdata                               0x080013da   Section     4381  oled.o(.constdata)
    .data                                    0x20000000   Section       29  oled.o(.data)
    pos                                      0x20000000   Data           4  oled.o(.data)
    pos                                      0x20000004   Data           4  oled.o(.data)
    height                                   0x20000008   Data           1  oled.o(.data)
    dino_dir                                 0x20000009   Data           1  oled.o(.data)
    pos                                      0x2000000c   Data           4  oled.o(.data)
    pos                                      0x20000010   Data           4  oled.o(.data)
    speed_idx                                0x20000014   Data           1  oled.o(.data)
    height                                   0x20000018   Data           4  oled.o(.data)
    dir                                      0x2000001c   Data           1  oled.o(.data)
    .data                                    0x2000001e   Section        4  delay.o(.data)
    fac_us                                   0x2000001e   Data           1  delay.o(.data)
    fac_ms                                   0x20000020   Data           2  delay.o(.data)
    .data                                    0x20000024   Section        6  usart.o(.data)
    .data                                    0x2000002c   Section       20  system_stm32f10x.o(.data)
    .bss                                     0x20000040   Section      200  usart.o(.bss)
    .bss                                     0x20000108   Section      228  rand.o(.bss)
    .bss                                     0x200001ec   Section       96  libspace.o(.bss)
    HEAP                                     0x20000250   Section      512  startup_stm32f10x_md.o(HEAP)
    Heap_Mem                                 0x20000250   Data         512  startup_stm32f10x_md.o(HEAP)
    STACK                                    0x20000450   Section     1024  startup_stm32f10x_md.o(STACK)
    Stack_Mem                                0x20000450   Data        1024  startup_stm32f10x_md.o(STACK)
    __initial_sp                             0x20000850   Data           0  startup_stm32f10x_md.o(STACK)

    Global Symbols

    Symbol Name                              Value     Ov Type        Size  Object(Section)

    BuildAttributes$$THM_ISAv4$P$D$K$B$S$PE$A:L22UL41UL21$X:L11$S22US41US21$IEEE1$IW$USESV6$~STKCKD$USESV7$~SHL$OSPACE$ROPI$EBA8$UX$STANDARDLIB$REQ8$PRES8$EABIv2 0x00000000   Number         0  anon$$obj.o ABSOLUTE
    __ARM_use_no_argv                        0x00000000   Number         0  main.o ABSOLUTE
    __ARM_exceptions_init                     - Undefined Weak Reference
    __alloca_initialize                       - Undefined Weak Reference
    __arm_preinit_                            - Undefined Weak Reference
    __cpp_initialize__aeabi_                  - Undefined Weak Reference
    __cxa_finalize                            - Undefined Weak Reference
    __rt_locale                               - Undefined Weak Reference
    __sigvec_lookup                           - Undefined Weak Reference
    _atexit_init                              - Undefined Weak Reference
    _call_atexit_fns                          - Undefined Weak Reference
    _clock_init                               - Undefined Weak Reference
    _fp_trap_init                             - Undefined Weak Reference
    _fp_trap_shutdown                         - Undefined Weak Reference
    _get_lc_collate                           - Undefined Weak Reference
    _get_lc_ctype                             - Undefined Weak Reference
    _get_lc_monetary                          - Undefined Weak Reference
    _get_lc_numeric                           - Undefined Weak Reference
    _get_lc_time                              - Undefined Weak Reference
    _getenv_init                              - Undefined Weak Reference
    _handle_redirection                       - Undefined Weak Reference
    _init_alloc                               - Undefined Weak Reference
    _init_user_alloc                          - Undefined Weak Reference
    _initio                                   - Undefined Weak Reference
    _signal_finish                            - Undefined Weak Reference
    _signal_init                              - Undefined Weak Reference
    _terminate_alloc                          - Undefined Weak Reference
    _terminate_user_alloc                     - Undefined Weak Reference
    _terminateio                              - Undefined Weak Reference
    __Vectors_Size                           0x000000ec   Number         0  startup_stm32f10x_md.o ABSOLUTE
    __Vectors                                0x08000000   Data           4  startup_stm32f10x_md.o(RESET)
    __Vectors_End                            0x080000ec   Data           0  startup_stm32f10x_md.o(RESET)
    __main                                   0x080000ed   Thumb Code     8  __main.o(!!!main)
    __scatterload                            0x080000f5   Thumb Code     0  __scatter.o(!!!scatter)
    __scatterload_rt2                        0x080000f5   Thumb Code    44  __scatter.o(!!!scatter)
    __scatterload_rt2_thumb_only             0x080000f5   Thumb Code     0  __scatter.o(!!!scatter)
    __scatterload_null                       0x08000103   Thumb Code     0  __scatter.o(!!!scatter)
    __scatterload_copy                       0x08000129   Thumb Code    26  __scatter_copy.o(!!handler_copy)
    __scatterload_zeroinit                   0x08000145   Thumb Code    28  __scatter_zi.o(!!handler_zi)
    __rt_lib_init                            0x08000161   Thumb Code     0  libinit.o(.ARM.Collect$$libinit$$00000000)
    __rt_lib_init_fp_1                       0x08000163   Thumb Code     0  libinit2.o(.ARM.Collect$$libinit$$00000002)
    __rt_lib_init_heap_1                     0x08000163   Thumb Code     0  libinit2.o(.ARM.Collect$$libinit$$0000000A)
    __rt_lib_init_preinit_1                  0x08000163   Thumb Code     0  libinit2.o(.ARM.Collect$$libinit$$00000004)
    __rt_lib_init_rand_2                     0x08000163   Thumb Code     0  libinit2.o(.ARM.Collect$$libinit$$0000000D)
    __rt_lib_init_user_alloc_1               0x08000163   Thumb Code     0  libinit2.o(.ARM.Collect$$libinit$$0000000C)
    __rt_lib_init_alloca_1                   0x08000167   Thumb Code     0  libinit2.o(.ARM.Collect$$libinit$$0000002E)
    __rt_lib_init_argv_1                     0x08000167   Thumb Code     0  libinit2.o(.ARM.Collect$$libinit$$0000002C)
    __rt_lib_init_atexit_1                   0x08000167   Thumb Code     0  libinit2.o(.ARM.Collect$$libinit$$0000001B)
    __rt_lib_init_clock_1                    0x08000167   Thumb Code     0  libinit2.o(.ARM.Collect$$libinit$$00000021)
    __rt_lib_init_cpp_1                      0x08000167   Thumb Code     0  libinit2.o(.ARM.Collect$$libinit$$00000032)
    __rt_lib_init_exceptions_1               0x08000167   Thumb Code     0  libinit2.o(.ARM.Collect$$libinit$$00000030)
    __rt_lib_init_fp_trap_1                  0x08000167   Thumb Code     0  libinit2.o(.ARM.Collect$$libinit$$0000001F)
    __rt_lib_init_getenv_1                   0x08000167   Thumb Code     0  libinit2.o(.ARM.Collect$$libinit$$00000023)
    __rt_lib_init_lc_collate_1               0x08000167   Thumb Code     0  libinit2.o(.ARM.Collect$$libinit$$00000011)
    __rt_lib_init_lc_ctype_1                 0x08000167   Thumb Code     0  libinit2.o(.ARM.Collect$$libinit$$00000013)
    __rt_lib_init_lc_monetary_1              0x08000167   Thumb Code     0  libinit2.o(.ARM.Collect$$libinit$$00000015)
    __rt_lib_init_lc_numeric_1               0x08000167   Thumb Code     0  libinit2.o(.ARM.Collect$$libinit$$00000017)
    __rt_lib_init_lc_time_1                  0x08000167   Thumb Code     0  libinit2.o(.ARM.Collect$$libinit$$00000019)
    __rt_lib_init_rand_1                     0x08000167   Thumb Code     0  libinit2.o(.ARM.Collect$$libinit$$0000000E)
    __rt_lib_init_return                     0x08000167   Thumb Code     0  libinit2.o(.ARM.Collect$$libinit$$00000033)
    __rt_lib_init_signal_1                   0x08000167   Thumb Code     0  libinit2.o(.ARM.Collect$$libinit$$0000001D)
    __rt_lib_init_stdio_1                    0x08000167   Thumb Code     0  libinit2.o(.ARM.Collect$$libinit$$00000025)
    __rt_lib_shutdown                        0x08000169   Thumb Code     0  libshutdown.o(.ARM.Collect$$libshutdown$$00000000)
    __rt_lib_shutdown_cpp_1                  0x0800016b   Thumb Code     0  libshutdown2.o(.ARM.Collect$$libshutdown$$00000002)
    __rt_lib_shutdown_fp_trap_1              0x0800016b   Thumb Code     0  libshutdown2.o(.ARM.Collect$$libshutdown$$00000007)
    __rt_lib_shutdown_heap_1                 0x0800016b   Thumb Code     0  libshutdown2.o(.ARM.Collect$$libshutdown$$0000000F)
    __rt_lib_shutdown_return                 0x0800016b   Thumb Code     0  libshutdown2.o(.ARM.Collect$$libshutdown$$00000010)
    __rt_lib_shutdown_signal_1               0x0800016b   Thumb Code     0  libshutdown2.o(.ARM.Collect$$libshutdown$$0000000A)
    __rt_lib_shutdown_stdio_1                0x0800016b   Thumb Code     0  libshutdown2.o(.ARM.Collect$$libshutdown$$00000004)
    __rt_lib_shutdown_user_alloc_1           0x0800016b   Thumb Code     0  libshutdown2.o(.ARM.Collect$$libshutdown$$0000000C)
    __rt_entry                               0x0800016d   Thumb Code     0  __rtentry.o(.ARM.Collect$$rtentry$$00000000)
    __rt_entry_presh_1                       0x0800016d   Thumb Code     0  __rtentry2.o(.ARM.Collect$$rtentry$$00000002)
    __rt_entry_sh                            0x0800016d   Thumb Code     0  __rtentry4.o(.ARM.Collect$$rtentry$$00000004)
    __rt_entry_li                            0x08000173   Thumb Code     0  __rtentry2.o(.ARM.Collect$$rtentry$$0000000A)
    __rt_entry_postsh_1                      0x08000173   Thumb Code     0  __rtentry2.o(.ARM.Collect$$rtentry$$00000009)
    __rt_entry_main                          0x08000177   Thumb Code     0  __rtentry2.o(.ARM.Collect$$rtentry$$0000000D)
    __rt_entry_postli_1                      0x08000177   Thumb Code     0  __rtentry2.o(.ARM.Collect$$rtentry$$0000000C)
    __rt_exit                                0x0800017f   Thumb Code     0  rtexit.o(.ARM.Collect$$rtexit$$00000000)
    __rt_exit_ls                             0x08000181   Thumb Code     0  rtexit2.o(.ARM.Collect$$rtexit$$00000003)
    __rt_exit_prels_1                        0x08000181   Thumb Code     0  rtexit2.o(.ARM.Collect$$rtexit$$00000002)
    __rt_exit_exit                           0x08000185   Thumb Code     0  rtexit2.o(.ARM.Collect$$rtexit$$00000004)
    rand                                     0x0800018d   Thumb Code    48  rand.o(.emb_text)
    Reset_Handler                            0x080001c1   Thumb Code     8  startup_stm32f10x_md.o(.text)
    ADC1_2_IRQHandler                        0x080001db   Thumb Code     0  startup_stm32f10x_md.o(.text)
    CAN1_RX1_IRQHandler                      0x080001db   Thumb Code     0  startup_stm32f10x_md.o(.text)
    CAN1_SCE_IRQHandler                      0x080001db   Thumb Code     0  startup_stm32f10x_md.o(.text)
    DMA1_Channel1_IRQHandler                 0x080001db   Thumb Code     0  startup_stm32f10x_md.o(.text)
    DMA1_Channel2_IRQHandler                 0x080001db   Thumb Code     0  startup_stm32f10x_md.o(.text)
    DMA1_Channel3_IRQHandler                 0x080001db   Thumb Code     0  startup_stm32f10x_md.o(.text)
    DMA1_Channel4_IRQHandler                 0x080001db   Thumb Code     0  startup_stm32f10x_md.o(.text)
    DMA1_Channel5_IRQHandler                 0x080001db   Thumb Code     0  startup_stm32f10x_md.o(.text)
    DMA1_Channel6_IRQHandler                 0x080001db   Thumb Code     0  startup_stm32f10x_md.o(.text)
    DMA1_Channel7_IRQHandler                 0x080001db   Thumb Code     0  startup_stm32f10x_md.o(.text)
    EXTI0_IRQHandler                         0x080001db   Thumb Code     0  startup_stm32f10x_md.o(.text)
    EXTI15_10_IRQHandler                     0x080001db   Thumb Code     0  startup_stm32f10x_md.o(.text)
    EXTI1_IRQHandler                         0x080001db   Thumb Code     0  startup_stm32f10x_md.o(.text)
    EXTI2_IRQHandler                         0x080001db   Thumb Code     0  startup_stm32f10x_md.o(.text)
    EXTI9_5_IRQHandler                       0x080001db   Thumb Code     0  startup_stm32f10x_md.o(.text)
    FLASH_IRQHandler                         0x080001db   Thumb Code     0  startup_stm32f10x_md.o(.text)
    I2C1_ER_IRQHandler                       0x080001db   Thumb Code     0  startup_stm32f10x_md.o(.text)
    I2C1_EV_IRQHandler                       0x080001db   Thumb Code     0  startup_stm32f10x_md.o(.text)
    I2C2_ER_IRQHandler                       0x080001db   Thumb Code     0  startup_stm32f10x_md.o(.text)
    I2C2_EV_IRQHandler                       0x080001db   Thumb Code     0  startup_stm32f10x_md.o(.text)
    PVD_IRQHandler                           0x080001db   Thumb Code     0  startup_stm32f10x_md.o(.text)
    RCC_IRQHandler                           0x080001db   Thumb Code     0  startup_stm32f10x_md.o(.text)
    RTCAlarm_IRQHandler                      0x080001db   Thumb Code     0  startup_stm32f10x_md.o(.text)
    RTC_IRQHandler                           0x080001db   Thumb Code     0  startup_stm32f10x_md.o(.text)
    SPI1_IRQHandler                          0x080001db   Thumb Code     0  startup_stm32f10x_md.o(.text)
    SPI2_IRQHandler                          0x080001db   Thumb Code     0  startup_stm32f10x_md.o(.text)
    TAMPER_IRQHandler                        0x080001db   Thumb Code     0  startup_stm32f10x_md.o(.text)
    TIM1_BRK_IRQHandler                      0x080001db   Thumb Code     0  startup_stm32f10x_md.o(.text)
    TIM1_CC_IRQHandler                       0x080001db   Thumb Code     0  startup_stm32f10x_md.o(.text)
    TIM1_TRG_COM_IRQHandler                  0x080001db   Thumb Code     0  startup_stm32f10x_md.o(.text)
    TIM1_UP_IRQHandler                       0x080001db   Thumb Code     0  startup_stm32f10x_md.o(.text)
    TIM2_IRQHandler                          0x080001db   Thumb Code     0  startup_stm32f10x_md.o(.text)
    TIM3_IRQHandler                          0x080001db   Thumb Code     0  startup_stm32f10x_md.o(.text)
    TIM4_IRQHandler                          0x080001db   Thumb Code     0  startup_stm32f10x_md.o(.text)
    USART2_IRQHandler                        0x080001db   Thumb Code     0  startup_stm32f10x_md.o(.text)
    USART3_IRQHandler                        0x080001db   Thumb Code     0  startup_stm32f10x_md.o(.text)
    USBWakeUp_IRQHandler                     0x080001db   Thumb Code     0  startup_stm32f10x_md.o(.text)
    USB_HP_CAN1_TX_IRQHandler                0x080001db   Thumb Code     0  startup_stm32f10x_md.o(.text)
    USB_LP_CAN1_RX0_IRQHandler               0x080001db   Thumb Code     0  startup_stm32f10x_md.o(.text)
    WWDG_IRQHandler                          0x080001db   Thumb Code     0  startup_stm32f10x_md.o(.text)
    __user_initial_stackheap                 0x080001dd   Thumb Code     0  startup_stm32f10x_md.o(.text)
    __use_no_semihosting                     0x08000201   Thumb Code     2  use_no_semi_2.o(.text)
    srand                                    0x08000205   Thumb Code    42  rand.o(.text)
    _rand_init                               0x0800022f   Thumb Code     4  rand.o(.text)
    __use_two_region_memory                  0x08000241   Thumb Code     2  heapauxi.o(.text)
    __rt_heap_escrow$2region                 0x08000243   Thumb Code     2  heapauxi.o(.text)
    __rt_heap_expand$2region                 0x08000245   Thumb Code     2  heapauxi.o(.text)
    __I$use$semihosting                      0x08000247   Thumb Code     0  use_no_semi.o(.text)
    __use_no_semihosting_swi                 0x08000247   Thumb Code     2  use_no_semi.o(.text)
    __user_setup_stackheap                   0x08000249   Thumb Code    74  sys_stackheap_outer.o(.text)
    exit                                     0x08000293   Thumb Code    18  exit.o(.text)
    __user_libspace                          0x080002a5   Thumb Code     8  libspace.o(.text)
    __user_perproc_libspace                  0x080002a5   Thumb Code     0  libspace.o(.text)
    __user_perthread_libspace                0x080002a5   Thumb Code     0  libspace.o(.text)
    BusFault_Handler                         0x080002ad   Thumb Code     4  stm32f10x_it.o(i.BusFault_Handler)
    DebugMon_Handler                         0x080002b1   Thumb Code     2  stm32f10x_it.o(i.DebugMon_Handler)
    Delay_50ms                               0x080002b3   Thumb Code    22  oled.o(i.Delay_50ms)
    EXTI3_IRQHandler                         0x080002c9   Thumb Code    50  exit.o(i.EXTI3_IRQHandler)
    EXTI4_IRQHandler                         0x08000305   Thumb Code    50  exit.o(i.EXTI4_IRQHandler)
    EXTI_ClearITPendingBit                   0x08000341   Thumb Code     6  stm32f10x_exti.o(i.EXTI_ClearITPendingBit)
    GPIO_Init                                0x0800034d   Thumb Code   278  stm32f10x_gpio.o(i.GPIO_Init)
    GPIO_ReadInputDataBit                    0x08000463   Thumb Code    18  stm32f10x_gpio.o(i.GPIO_ReadInputDataBit)
    GPIO_ResetBits                           0x08000475   Thumb Code     4  stm32f10x_gpio.o(i.GPIO_ResetBits)
    GPIO_SetBits                             0x08000479   Thumb Code     4  stm32f10x_gpio.o(i.GPIO_SetBits)
    GPIO_WriteBit                            0x0800047d   Thumb Code    10  stm32f10x_gpio.o(i.GPIO_WriteBit)
    HardFault_Handler                        0x08000487   Thumb Code     4  stm32f10x_it.o(i.HardFault_Handler)
    IIC_Start                                0x0800048d   Thumb Code    44  oled.o(i.IIC_Start)
    IIC_Stop                                 0x080004bd   Thumb Code    34  oled.o(i.IIC_Stop)
    IIC_WaitAck                              0x080004e5   Thumb Code    24  oled.o(i.IIC_WaitAck)
    IIC_WriteByte                            0x08000501   Thumb Code    90  oled.o(i.IIC_WriteByte)
    IIC_WriteCommand                         0x08000561   Thumb Code    44  oled.o(i.IIC_WriteCommand)
    IIC_WriteData                            0x0800058d   Thumb Code    44  oled.o(i.IIC_WriteData)
    KEY_Init                                 0x080005b9   Thumb Code    34  key.o(i.KEY_Init)
    Key_Scan                                 0x080005e1   Thumb Code    38  main.o(i.Key_Scan)
    MemManage_Handler                        0x0800060d   Thumb Code     4  stm32f10x_it.o(i.MemManage_Handler)
    NMI_Handler                              0x08000611   Thumb Code     2  stm32f10x_it.o(i.NMI_Handler)
    NVIC_PriorityGroupConfig                 0x08000615   Thumb Code    10  misc.o(i.NVIC_PriorityGroupConfig)
    OLED_Clear                               0x08000629   Thumb Code    62  oled.o(i.OLED_Clear)
    OLED_DrawBMPFast                         0x08000667   Thumb Code    86  oled.o(i.OLED_DrawBMPFast)
    OLED_DrawCactusRandom                    0x080006bd   Thumb Code   278  oled.o(i.OLED_DrawCactusRandom)
    OLED_DrawCloud                           0x080007e9   Thumb Code   186  oled.o(i.OLED_DrawCloud)
    OLED_DrawCover                           0x080008b1   Thumb Code    10  oled.o(i.OLED_DrawCover)
    OLED_DrawDino                            0x080008c1   Thumb Code   124  oled.o(i.OLED_DrawDino)
    OLED_DrawDinoJump                        0x08000945   Thumb Code   382  oled.o(i.OLED_DrawDinoJump)
    OLED_DrawGround                          0x08000ae1   Thumb Code   100  oled.o(i.OLED_DrawGround)
    OLED_DrawRestart                         0x08000b4d   Thumb Code   112  oled.o(i.OLED_DrawRestart)
    OLED_FillPicture                         0x08000bd1   Thumb Code    64  oled.o(i.OLED_FillPicture)
    OLED_Init                                0x08000c11   Thumb Code   282  oled.o(i.OLED_Init)
    OLED_SetPos                              0x08000d31   Thumb Code    40  oled.o(i.OLED_SetPos)
    OLED_ShowChar                            0x08000d59   Thumb Code   154  oled.o(i.OLED_ShowChar)
    OLED_ShowNum                             0x08000dfd   Thumb Code   136  oled.o(i.OLED_ShowNum)
    OLED_ShowString                          0x08000e85   Thumb Code    58  oled.o(i.OLED_ShowString)
    OLED_WR_Byte                             0x08000ebf   Thumb Code    24  oled.o(i.OLED_WR_Byte)
    PendSV_Handler                           0x08000ed7   Thumb Code     2  stm32f10x_it.o(i.PendSV_Handler)
    RCC_APB2PeriphClockCmd                   0x08000ed9   Thumb Code    26  stm32f10x_rcc.o(i.RCC_APB2PeriphClockCmd)
    SVC_Handler                              0x08000ef9   Thumb Code     2  stm32f10x_it.o(i.SVC_Handler)
    SysTick_CLKSourceConfig                  0x08000fe5   Thumb Code    40  misc.o(i.SysTick_CLKSourceConfig)
    SysTick_Handler                          0x0800100d   Thumb Code     2  stm32f10x_it.o(i.SysTick_Handler)
    SystemInit                               0x08001011   Thumb Code    78  system_stm32f10x.o(i.SystemInit)
    USART1_IRQHandler                        0x08001071   Thumb Code   122  usart.o(i.USART1_IRQHandler)
    USART_GetITStatus                        0x080010f9   Thumb Code    84  stm32f10x_usart.o(i.USART_GetITStatus)
    USART_ReceiveData                        0x0800114d   Thumb Code    10  stm32f10x_usart.o(i.USART_ReceiveData)
    UsageFault_Handler                       0x08001157   Thumb Code     4  stm32f10x_it.o(i.UsageFault_Handler)
    _sys_exit                                0x0800115b   Thumb Code     4  usart.o(i._sys_exit)
    delay_init                               0x08001161   Thumb Code    50  delay.o(i.delay_init)
    delay_ms                                 0x080011a5   Thumb Code    72  delay.o(i.delay_ms)
    main                                     0x080011f1   Thumb Code   376  main.o(i.main)
    oled_drawbmp_block_clear                 0x08001375   Thumb Code    80  oled.o(i.oled_drawbmp_block_clear)
    oled_pow                                 0x080013c5   Thumb Code    22  oled.o(i.oled_pow)
    F6x8                                     0x080013da   Data         552  oled.o(.constdata)
    F8X16                                    0x08001602   Data        1520  oled.o(.constdata)
    GROUND                                   0x08001bf2   Data         597  oled.o(.constdata)
    CLOUD                                    0x08001e47   Data          24  oled.o(.constdata)
    DINO                                     0x08001e5f   Data          64  oled.o(.constdata)
    DINO_JUMP                                0x08001e9f   Data         384  oled.o(.constdata)
    CACTUS_1                                 0x0800201f   Data          16  oled.o(.constdata)
    CACTUS_2                                 0x0800202f   Data          32  oled.o(.constdata)
    CACTUS_3                                 0x0800204f   Data          48  oled.o(.constdata)
    CACTUS_4                                 0x0800207f   Data          48  oled.o(.constdata)
    RESTART                                  0x080020af   Data          72  oled.o(.constdata)
    COVER                                    0x080020f7   Data        1024  oled.o(.constdata)
    Region$$Table$$Base                      0x080024f8   Number         0  anon$$obj.o(Region$$Table)
    Region$$Table$$Limit                     0x08002518   Number         0  anon$$obj.o(Region$$Table)
    __stdout                                 0x20000024   Data           4  usart.o(.data)
    USART_RX_STA                             0x20000028   Data           2  usart.o(.data)
    SystemCoreClock                          0x2000002c   Data           4  system_stm32f10x.o(.data)
    AHBPrescTable                            0x20000030   Data          16  system_stm32f10x.o(.data)
    USART_RX_BUF                             0x20000040   Data         200  usart.o(.bss)
    _random_number_data                      0x20000108   Data         228  rand.o(.bss)
    __libspace_start                         0x200001ec   Data          96  libspace.o(.bss)
    __temporary_stack_top$libspace           0x2000024c   Data           0  libspace.o(.bss)



==============================================================================

Memory Map of the image

  Image Entry point : 0x080000ed

  Load Region LR_IROM1 (Base: 0x08000000, Size: 0x00002558, Max: 0x00010000, ABSOLUTE)

    Execution Region ER_IROM1 (Exec base: 0x08000000, Load base: 0x08000000, Size: 0x00002518, Max: 0x00010000, ABSOLUTE)

    Exec Addr    Load Addr    Size         Type   Attr      Idx    E Section Name        Object

    0x08000000   0x08000000   0x000000ec   Data   RO           19    RESET               startup_stm32f10x_md.o
    0x080000ec   0x080000ec   0x00000008   Code   RO         1827  * !!!main             c_w.l(__main.o)
    0x080000f4   0x080000f4   0x00000034   Code   RO         1982    !!!scatter          c_w.l(__scatter.o)
    0x08000128   0x08000128   0x0000001a   Code   RO         1984    !!handler_copy      c_w.l(__scatter_copy.o)
    0x08000142   0x08000142   0x00000002   PAD
    0x08000144   0x08000144   0x0000001c   Code   RO         1986    !!handler_zi        c_w.l(__scatter_zi.o)
    0x08000160   0x08000160   0x00000002   Code   RO         1909    .ARM.Collect$$libinit$$00000000  c_w.l(libinit.o)
    0x08000162   0x08000162   0x00000000   Code   RO         1833    .ARM.Collect$$libinit$$00000002  c_w.l(libinit2.o)
    0x08000162   0x08000162   0x00000000   Code   RO         1835    .ARM.Collect$$libinit$$00000004  c_w.l(libinit2.o)
    0x08000162   0x08000162   0x00000000   Code   RO         1838    .ARM.Collect$$libinit$$0000000A  c_w.l(libinit2.o)
    0x08000162   0x08000162   0x00000000   Code   RO         1840    .ARM.Collect$$libinit$$0000000C  c_w.l(libinit2.o)
    0x08000162   0x08000162   0x00000004   Code   RO         1841    .ARM.Collect$$libinit$$0000000D  c_w.l(libinit2.o)
    0x08000166   0x08000166   0x00000000   Code   RO         1842    .ARM.Collect$$libinit$$0000000E  c_w.l(libinit2.o)
    0x08000166   0x08000166   0x00000000   Code   RO         1845    .ARM.Collect$$libinit$$00000011  c_w.l(libinit2.o)
    0x08000166   0x08000166   0x00000000   Code   RO         1847    .ARM.Collect$$libinit$$00000013  c_w.l(libinit2.o)
    0x08000166   0x08000166   0x00000000   Code   RO         1849    .ARM.Collect$$libinit$$00000015  c_w.l(libinit2.o)
    0x08000166   0x08000166   0x00000000   Code   RO         1851    .ARM.Collect$$libinit$$00000017  c_w.l(libinit2.o)
    0x08000166   0x08000166   0x00000000   Code   RO         1853    .ARM.Collect$$libinit$$00000019  c_w.l(libinit2.o)
    0x08000166   0x08000166   0x00000000   Code   RO         1855    .ARM.Collect$$libinit$$0000001B  c_w.l(libinit2.o)
    0x08000166   0x08000166   0x00000000   Code   RO         1857    .ARM.Collect$$libinit$$0000001D  c_w.l(libinit2.o)
    0x08000166   0x08000166   0x00000000   Code   RO         1859    .ARM.Collect$$libinit$$0000001F  c_w.l(libinit2.o)
    0x08000166   0x08000166   0x00000000   Code   RO         1861    .ARM.Collect$$libinit$$00000021  c_w.l(libinit2.o)
    0x08000166   0x08000166   0x00000000   Code   RO         1863    .ARM.Collect$$libinit$$00000023  c_w.l(libinit2.o)
    0x08000166   0x08000166   0x00000000   Code   RO         1865    .ARM.Collect$$libinit$$00000025  c_w.l(libinit2.o)
    0x08000166   0x08000166   0x00000000   Code   RO         1869    .ARM.Collect$$libinit$$0000002C  c_w.l(libinit2.o)
    0x08000166   0x08000166   0x00000000   Code   RO         1871    .ARM.Collect$$libinit$$0000002E  c_w.l(libinit2.o)
    0x08000166   0x08000166   0x00000000   Code   RO         1873    .ARM.Collect$$libinit$$00000030  c_w.l(libinit2.o)
    0x08000166   0x08000166   0x00000000   Code   RO         1875    .ARM.Collect$$libinit$$00000032  c_w.l(libinit2.o)
    0x08000166   0x08000166   0x00000002   Code   RO         1876    .ARM.Collect$$libinit$$00000033  c_w.l(libinit2.o)
    0x08000168   0x08000168   0x00000002   Code   RO         1943    .ARM.Collect$$libshutdown$$00000000  c_w.l(libshutdown.o)
    0x0800016a   0x0800016a   0x00000000   Code   RO         1949    .ARM.Collect$$libshutdown$$00000002  c_w.l(libshutdown2.o)
    0x0800016a   0x0800016a   0x00000000   Code   RO         1951    .ARM.Collect$$libshutdown$$00000004  c_w.l(libshutdown2.o)
    0x0800016a   0x0800016a   0x00000000   Code   RO         1954    .ARM.Collect$$libshutdown$$00000007  c_w.l(libshutdown2.o)
    0x0800016a   0x0800016a   0x00000000   Code   RO         1957    .ARM.Collect$$libshutdown$$0000000A  c_w.l(libshutdown2.o)
    0x0800016a   0x0800016a   0x00000000   Code   RO         1959    .ARM.Collect$$libshutdown$$0000000C  c_w.l(libshutdown2.o)
    0x0800016a   0x0800016a   0x00000000   Code   RO         1962    .ARM.Collect$$libshutdown$$0000000F  c_w.l(libshutdown2.o)
    0x0800016a   0x0800016a   0x00000002   Code   RO         1963    .ARM.Collect$$libshutdown$$00000010  c_w.l(libshutdown2.o)
    0x0800016c   0x0800016c   0x00000000   Code   RO         1831    .ARM.Collect$$rtentry$$00000000  c_w.l(__rtentry.o)
    0x0800016c   0x0800016c   0x00000000   Code   RO         1878    .ARM.Collect$$rtentry$$00000002  c_w.l(__rtentry2.o)
    0x0800016c   0x0800016c   0x00000006   Code   RO         1890    .ARM.Collect$$rtentry$$00000004  c_w.l(__rtentry4.o)
    0x08000172   0x08000172   0x00000000   Code   RO         1880    .ARM.Collect$$rtentry$$00000009  c_w.l(__rtentry2.o)
    0x08000172   0x08000172   0x00000004   Code   RO         1881    .ARM.Collect$$rtentry$$0000000A  c_w.l(__rtentry2.o)
    0x08000176   0x08000176   0x00000000   Code   RO         1883    .ARM.Collect$$rtentry$$0000000C  c_w.l(__rtentry2.o)
    0x08000176   0x08000176   0x00000008   Code   RO         1884    .ARM.Collect$$rtentry$$0000000D  c_w.l(__rtentry2.o)
    0x0800017e   0x0800017e   0x00000002   Code   RO         1915    .ARM.Collect$$rtexit$$00000000  c_w.l(rtexit.o)
    0x08000180   0x08000180   0x00000000   Code   RO         1925    .ARM.Collect$$rtexit$$00000002  c_w.l(rtexit2.o)
    0x08000180   0x08000180   0x00000004   Code   RO         1926    .ARM.Collect$$rtexit$$00000003  c_w.l(rtexit2.o)
    0x08000184   0x08000184   0x00000006   Code   RO         1927    .ARM.Collect$$rtexit$$00000004  c_w.l(rtexit2.o)
    0x0800018a   0x0800018a   0x00000002   PAD
    0x0800018c   0x0800018c   0x00000034   Code   RO         1820    .emb_text           c_w.l(rand.o)
    0x080001c0   0x080001c0   0x00000040   Code   RO           20    .text               startup_stm32f10x_md.o
    0x08000200   0x08000200   0x00000002   Code   RO         1818    .text               c_w.l(use_no_semi_2.o)
    0x08000202   0x08000202   0x00000002   PAD
    0x08000204   0x08000204   0x0000003c   Code   RO         1821    .text               c_w.l(rand.o)
    0x08000240   0x08000240   0x00000006   Code   RO         1825    .text               c_w.l(heapauxi.o)
    0x08000246   0x08000246   0x00000002   Code   RO         1829    .text               c_w.l(use_no_semi.o)
    0x08000248   0x08000248   0x0000004a   Code   RO         1896    .text               c_w.l(sys_stackheap_outer.o)
    0x08000292   0x08000292   0x00000012   Code   RO         1898    .text               c_w.l(exit.o)
    0x080002a4   0x080002a4   0x00000008   Code   RO         1912    .text               c_w.l(libspace.o)
    0x080002ac   0x080002ac   0x00000004   Code   RO         1693    i.BusFault_Handler  stm32f10x_it.o
    0x080002b0   0x080002b0   0x00000002   Code   RO         1694    i.DebugMon_Handler  stm32f10x_it.o
    0x080002b2   0x080002b2   0x00000016   Code   RO          230    i.Delay_50ms        oled.o
    0x080002c8   0x080002c8   0x0000003c   Code   RO          158    i.EXTI3_IRQHandler  exit.o
    0x08000304   0x08000304   0x0000003c   Code   RO          159    i.EXTI4_IRQHandler  exit.o
    0x08000340   0x08000340   0x0000000c   Code   RO          965    i.EXTI_ClearITPendingBit  stm32f10x_exti.o
    0x0800034c   0x0800034c   0x00000116   Code   RO          440    i.GPIO_Init         stm32f10x_gpio.o
    0x08000462   0x08000462   0x00000012   Code   RO          444    i.GPIO_ReadInputDataBit  stm32f10x_gpio.o
    0x08000474   0x08000474   0x00000004   Code   RO          447    i.GPIO_ResetBits    stm32f10x_gpio.o
    0x08000478   0x08000478   0x00000004   Code   RO          448    i.GPIO_SetBits      stm32f10x_gpio.o
    0x0800047c   0x0800047c   0x0000000a   Code   RO          451    i.GPIO_WriteBit     stm32f10x_gpio.o
    0x08000486   0x08000486   0x00000004   Code   RO         1695    i.HardFault_Handler  stm32f10x_it.o
    0x0800048a   0x0800048a   0x00000002   PAD
    0x0800048c   0x0800048c   0x00000030   Code   RO          231    i.IIC_Start         oled.o
    0x080004bc   0x080004bc   0x00000028   Code   RO          232    i.IIC_Stop          oled.o
    0x080004e4   0x080004e4   0x0000001c   Code   RO          233    i.IIC_WaitAck       oled.o
    0x08000500   0x08000500   0x00000060   Code   RO          234    i.IIC_WriteByte     oled.o
    0x08000560   0x08000560   0x0000002c   Code   RO          235    i.IIC_WriteCommand  oled.o
    0x0800058c   0x0800058c   0x0000002c   Code   RO          236    i.IIC_WriteData     oled.o
    0x080005b8   0x080005b8   0x00000028   Code   RO          125    i.KEY_Init          key.o
    0x080005e0   0x080005e0   0x0000002c   Code   RO         1664    i.Key_Scan          main.o
    0x0800060c   0x0800060c   0x00000004   Code   RO         1696    i.MemManage_Handler  stm32f10x_it.o
    0x08000610   0x08000610   0x00000002   Code   RO         1697    i.NMI_Handler       stm32f10x_it.o
    0x08000612   0x08000612   0x00000002   PAD
    0x08000614   0x08000614   0x00000014   Code   RO          749    i.NVIC_PriorityGroupConfig  misc.o
    0x08000628   0x08000628   0x0000003e   Code   RO          237    i.OLED_Clear        oled.o
    0x08000666   0x08000666   0x00000056   Code   RO          241    i.OLED_DrawBMPFast  oled.o
    0x080006bc   0x080006bc   0x0000012c   Code   RO          243    i.OLED_DrawCactusRandom  oled.o
    0x080007e8   0x080007e8   0x000000c8   Code   RO          244    i.OLED_DrawCloud    oled.o
    0x080008b0   0x080008b0   0x00000010   Code   RO          245    i.OLED_DrawCover    oled.o
    0x080008c0   0x080008c0   0x00000084   Code   RO          246    i.OLED_DrawDino     oled.o
    0x08000944   0x08000944   0x0000019c   Code   RO          247    i.OLED_DrawDinoJump  oled.o
    0x08000ae0   0x08000ae0   0x0000006c   Code   RO          248    i.OLED_DrawGround   oled.o
    0x08000b4c   0x08000b4c   0x00000084   Code   RO          249    i.OLED_DrawRestart  oled.o
    0x08000bd0   0x08000bd0   0x00000040   Code   RO          250    i.OLED_FillPicture  oled.o
    0x08000c10   0x08000c10   0x00000120   Code   RO          251    i.OLED_Init         oled.o
    0x08000d30   0x08000d30   0x00000028   Code   RO          253    i.OLED_SetPos       oled.o
    0x08000d58   0x08000d58   0x000000a4   Code   RO          254    i.OLED_ShowChar     oled.o
    0x08000dfc   0x08000dfc   0x00000088   Code   RO          255    i.OLED_ShowNum      oled.o
    0x08000e84   0x08000e84   0x0000003a   Code   RO          256    i.OLED_ShowString   oled.o
    0x08000ebe   0x08000ebe   0x00000018   Code   RO          257    i.OLED_WR_Byte      oled.o
    0x08000ed6   0x08000ed6   0x00000002   Code   RO         1698    i.PendSV_Handler    stm32f10x_it.o
    0x08000ed8   0x08000ed8   0x00000020   Code   RO          552    i.RCC_APB2PeriphClockCmd  stm32f10x_rcc.o
    0x08000ef8   0x08000ef8   0x00000002   Code   RO         1699    i.SVC_Handler       stm32f10x_it.o
    0x08000efa   0x08000efa   0x00000008   Code   RO         1782    i.SetSysClock       system_stm32f10x.o
    0x08000f02   0x08000f02   0x00000002   PAD
    0x08000f04   0x08000f04   0x000000e0   Code   RO         1783    i.SetSysClockTo72   system_stm32f10x.o
    0x08000fe4   0x08000fe4   0x00000028   Code   RO          752    i.SysTick_CLKSourceConfig  misc.o
    0x0800100c   0x0800100c   0x00000002   Code   RO         1700    i.SysTick_Handler   stm32f10x_it.o
    0x0800100e   0x0800100e   0x00000002   PAD
    0x08001010   0x08001010   0x00000060   Code   RO         1785    i.SystemInit        system_stm32f10x.o
    0x08001070   0x08001070   0x00000088   Code   RO         1592    i.USART1_IRQHandler  usart.o
    0x080010f8   0x080010f8   0x00000054   Code   RO          792    i.USART_GetITStatus  stm32f10x_usart.o
    0x0800114c   0x0800114c   0x0000000a   Code   RO          802    i.USART_ReceiveData  stm32f10x_usart.o
    0x08001156   0x08001156   0x00000004   Code   RO         1701    i.UsageFault_Handler  stm32f10x_it.o
    0x0800115a   0x0800115a   0x00000004   Code   RO         1593    i._sys_exit         usart.o
    0x0800115e   0x0800115e   0x00000002   PAD
    0x08001160   0x08001160   0x00000044   Code   RO         1566    i.delay_init        delay.o
    0x080011a4   0x080011a4   0x0000004c   Code   RO         1567    i.delay_ms          delay.o
    0x080011f0   0x080011f0   0x00000184   Code   RO         1665    i.main              main.o
    0x08001374   0x08001374   0x00000050   Code   RO          258    i.oled_drawbmp_block_clear  oled.o
    0x080013c4   0x080013c4   0x00000016   Code   RO          259    i.oled_pow          oled.o
    0x080013da   0x080013da   0x0000111d   Data   RO          260    .constdata          oled.o
    0x080024f7   0x080024f7   0x00000001   PAD
    0x080024f8   0x080024f8   0x00000020   Data   RO         1980    Region$$Table       anon$$obj.o


    Execution Region RW_IRAM1 (Exec base: 0x20000000, Load base: 0x08002518, Size: 0x00000850, Max: 0x00005000, ABSOLUTE)

    Exec Addr    Load Addr    Size         Type   Attr      Idx    E Section Name        Object

    0x20000000   0x08002518   0x0000001d   Data   RW          261    .data               oled.o
    0x2000001d   0x08002535   0x00000001   PAD
    0x2000001e   0x08002536   0x00000004   Data   RW         1569    .data               delay.o
    0x20000022   0x0800253a   0x00000002   PAD
    0x20000024   0x0800253c   0x00000006   Data   RW         1597    .data               usart.o
    0x2000002a   0x08002542   0x00000002   PAD
    0x2000002c   0x08002544   0x00000014   Data   RW         1786    .data               system_stm32f10x.o
    0x20000040        -       0x000000c8   Zero   RW         1596    .bss                usart.o
    0x20000108        -       0x000000e4   Zero   RW         1822    .bss                c_w.l(rand.o)
    0x200001ec        -       0x00000060   Zero   RW         1913    .bss                c_w.l(libspace.o)
    0x2000024c   0x08002558   0x00000004   PAD
    0x20000250        -       0x00000200   Zero   RW           18    HEAP                startup_stm32f10x_md.o
    0x20000450        -       0x00000400   Zero   RW           17    STACK               startup_stm32f10x_md.o


==============================================================================

Image component sizes


      Code (inc. data)   RO Data    RW Data    ZI Data      Debug   Object Name

         0          0          0          0          0     216112   beep.o
         0          0          0          0          0       4556   core_cm3.o
       144         22          0          4          0       1188   delay.o
       120         20          0          0          0        942   exit.o
        40          6          0          0          0        471   key.o
       432         18          0          0          0       1426   main.o
        60         10          0          0          0       1033   misc.o
      2646        144       4381         29          0      17636   oled.o
        64         26        236          0       1536        796   startup_stm32f10x_md.o
        12          6          0          0          0        521   stm32f10x_exti.o
       314          0          0          0          0       4224   stm32f10x_gpio.o
        26          0          0          0          0       3678   stm32f10x_it.o
        32          6          0          0          0        569   stm32f10x_rcc.o
        94          0          0          0          0       2728   stm32f10x_usart.o
       328         28          0         20          0       2077   system_stm32f10x.o
       140         14          0          6        200       2896   usart.o

    ----------------------------------------------------------------------
      4462        300       4650         64       1736     260853   Object Totals
         0          0         32          0          0          0   (incl. Generated)
        10          0          1          5          0          0   (incl. Padding)

    ----------------------------------------------------------------------

      Code (inc. data)   RO Data    RW Data    ZI Data      Debug   Library Member Name

         8          0          0          0          0         68   __main.o
         0          0          0          0          0          0   __rtentry.o
        12          0          0          0          0          0   __rtentry2.o
         6          0          0          0          0          0   __rtentry4.o
        52          8          0          0          0          0   __scatter.o
        26          0          0          0          0          0   __scatter_copy.o
        28          0          0          0          0          0   __scatter_zi.o
        18          0          0          0          0         80   exit.o
         6          0          0          0          0        152   heapauxi.o
         2          0          0          0          0          0   libinit.o
         6          0          0          0          0          0   libinit2.o
         2          0          0          0          0          0   libshutdown.o
         2          0          0          0          0          0   libshutdown2.o
         8          4          0          0         96         68   libspace.o
       112         18          0          0        228        160   rand.o
         2          0          0          0          0          0   rtexit.o
        10          0          0          0          0          0   rtexit2.o
        74          0          0          0          0         80   sys_stackheap_outer.o
         2          0          0          0          0         68   use_no_semi.o
         2          0          0          0          0         68   use_no_semi_2.o

    ----------------------------------------------------------------------
       384         30          0          0        328        744   Library Totals
         6          0          0          0          4          0   (incl. Padding)

    ----------------------------------------------------------------------

      Code (inc. data)   RO Data    RW Data    ZI Data      Debug   Library Name

       378         30          0          0        324        744   c_w.l

    ----------------------------------------------------------------------
       384         30          0          0        328        744   Library Totals

    ----------------------------------------------------------------------

==============================================================================


      Code (inc. data)   RO Data    RW Data    ZI Data      Debug   

      4846        330       4650         64       2064     258629   Grand Totals
      4846        330       4650         64       2064     258629   ELF Image Totals
      4846        330       4650         64          0          0   ROM Totals

==============================================================================

    Total RO  Size (Code + RO Data)                 9496 (   9.27kB)
    Total RW  Size (RW Data + ZI Data)              2128 (   2.08kB)
    Total ROM Size (Code + RO Data + RW Data)       9560 (   9.34kB)

==============================================================================

